[    0.000000] Linux version 6.8.0-45-generic (buildd@lcy02-amd64-075) (x86_64-linux-gnu-gcc-12 (Ubuntu 12.3.0-1ubuntu1~22.04) 12.3.0, GNU ld (GNU Binutils for Ubuntu) 2.38) #45~22.04.1-Ubuntu SMP PREEMPT_DYNAMIC Wed Sep 11 15:25:05 UTC 2 (Ubuntu 6.8.0-45.45~22.04.1-generic 6.8.12)
[    0.000000] Command line: BOOT_IMAGE=/boot/vmlinuz-6.8.0-45-generic root=UUID=fcd05618-5b69-4232-9091-699abd580bd0 ro iommu=pt
[    0.000000] KERNEL supported cpus:
[    0.000000]   Intel GenuineIntel
[    0.000000]   AMD AuthenticAMD
[    0.000000]   Hygon HygonGenuine
[    0.000000]   Centaur CentaurHauls
[    0.000000]   zhaoxin   Shanghai  
[    0.000000] x86/tme: not enabled by BIOS
[    0.000000] x86/split lock detection: #AC: crashing the kernel on kernel split_locks and warning on user-space split_locks
[    0.000000] BIOS-provided physical RAM map:
[    0.000000] BIOS-e820: [mem 0x0000000000000000-0x000000000009ffff] usable
[    0.000000] BIOS-e820: [mem 0x00000000000a0000-0x00000000000fffff] reserved
[    0.000000] BIOS-e820: [mem 0x0000000000100000-0x000000004dfa0fff] usable
[    0.000000] BIOS-e820: [mem 0x000000004dfa1000-0x00000000507a0fff] ACPI NVS
[    0.000000] BIOS-e820: [mem 0x00000000507a1000-0x00000000641fdfff] usable
[    0.000000] BIOS-e820: [mem 0x00000000641fe000-0x0000000074dfefff] reserved
[    0.000000] BIOS-e820: [mem 0x0000000074dff000-0x00000000771fefff] ACPI NVS
[    0.000000] BIOS-e820: [mem 0x00000000771ff000-0x00000000777fefff] ACPI data
[    0.000000] BIOS-e820: [mem 0x00000000777ff000-0x00000000777fffff] usable
[    0.000000] BIOS-e820: [mem 0x0000000077800000-0x000000008fffffff] reserved
[    0.000000] BIOS-e820: [mem 0x00000000fe010000-0x00000000fe010fff] reserved
[    0.000000] BIOS-e820: [mem 0x0000000100000000-0x000002007fffffff] usable
[    0.000000] NX (Execute Disable) protection: active
[    0.000000] APIC: Static calls initialized
[    0.000000] e820: update [mem 0x41abb020-0x41ace25f] usable ==> usable
[    0.000000] e820: update [mem 0x41abb020-0x41ace25f] usable ==> usable
[    0.000000] e820: update [mem 0x41a84020-0x41aba25f] usable ==> usable
[    0.000000] e820: update [mem 0x41a84020-0x41aba25f] usable ==> usable
[    0.000000] e820: update [mem 0x41a4d020-0x41a8325f] usable ==> usable
[    0.000000] e820: update [mem 0x41a4d020-0x41a8325f] usable ==> usable
[    0.000000] e820: update [mem 0x41a44020-0x41a4c05f] usable ==> usable
[    0.000000] e820: update [mem 0x41a44020-0x41a4c05f] usable ==> usable
[    0.000000] e820: update [mem 0x525f2020-0x525f2c5f] usable ==> usable
[    0.000000] e820: update [mem 0x525f2020-0x525f2c5f] usable ==> usable
[    0.000000] e820: update [mem 0x41a16020-0x41a4305f] usable ==> usable
[    0.000000] e820: update [mem 0x41a16020-0x41a4305f] usable ==> usable
[    0.000000] e820: update [mem 0x419dc020-0x41a1565f] usable ==> usable
[    0.000000] e820: update [mem 0x419dc020-0x41a1565f] usable ==> usable
[    0.000000] e820: update [mem 0x419a2020-0x419db65f] usable ==> usable
[    0.000000] e820: update [mem 0x419a2020-0x419db65f] usable ==> usable
[    0.000000] e820: update [mem 0x41968020-0x419a165f] usable ==> usable
[    0.000000] e820: update [mem 0x41968020-0x419a165f] usable ==> usable
[    0.000000] e820: update [mem 0x4192e020-0x4196765f] usable ==> usable
[    0.000000] e820: update [mem 0x4192e020-0x4196765f] usable ==> usable
[    0.000000] e820: update [mem 0x52200020-0x52200c5f] usable ==> usable
[    0.000000] e820: update [mem 0x52200020-0x52200c5f] usable ==> usable
[    0.000000] e820: update [mem 0x41900020-0x4192d05f] usable ==> usable
[    0.000000] e820: update [mem 0x41900020-0x4192d05f] usable ==> usable
[    0.000000] e820: update [mem 0x418ff020-0x418ffc5f] usable ==> usable
[    0.000000] e820: update [mem 0x418ff020-0x418ffc5f] usable ==> usable
[    0.000000] e820: update [mem 0x418d1020-0x418fe05f] usable ==> usable
[    0.000000] e820: update [mem 0x418d1020-0x418fe05f] usable ==> usable
[    0.000000] e820: update [mem 0x418d0020-0x418d0c5f] usable ==> usable
[    0.000000] e820: update [mem 0x418d0020-0x418d0c5f] usable ==> usable
[    0.000000] e820: update [mem 0x418a2020-0x418cf05f] usable ==> usable
[    0.000000] e820: update [mem 0x418a2020-0x418cf05f] usable ==> usable
[    0.000000] e820: update [mem 0x418a1020-0x418a1c5f] usable ==> usable
[    0.000000] e820: update [mem 0x418a1020-0x418a1c5f] usable ==> usable
[    0.000000] e820: update [mem 0x41873020-0x418a005f] usable ==> usable
[    0.000000] e820: update [mem 0x41873020-0x418a005f] usable ==> usable
[    0.000000] e820: update [mem 0x41872020-0x41872c5f] usable ==> usable
[    0.000000] e820: update [mem 0x41872020-0x41872c5f] usable ==> usable
[    0.000000] e820: update [mem 0x41844020-0x4187105f] usable ==> usable
[    0.000000] e820: update [mem 0x41844020-0x4187105f] usable ==> usable
[    0.000000] e820: update [mem 0x41843020-0x41843c5f] usable ==> usable
[    0.000000] e820: update [mem 0x41843020-0x41843c5f] usable ==> usable
[    0.000000] e820: update [mem 0x41815020-0x4184205f] usable ==> usable
[    0.000000] e820: update [mem 0x41815020-0x4184205f] usable ==> usable
[    0.000000] e820: update [mem 0x41814020-0x41814c5f] usable ==> usable
[    0.000000] e820: update [mem 0x41814020-0x41814c5f] usable ==> usable
[    0.000000] e820: update [mem 0x417e6020-0x4181305f] usable ==> usable
[    0.000000] e820: update [mem 0x417e6020-0x4181305f] usable ==> usable
[    0.000000] extended physical RAM map:
[    0.000000] reserve setup_data: [mem 0x0000000000000000-0x000000000009ffff] usable
[    0.000000] reserve setup_data: [mem 0x00000000000a0000-0x00000000000fffff] reserved
[    0.000000] reserve setup_data: [mem 0x0000000000100000-0x00000000417e601f] usable
[    0.000000] reserve setup_data: [mem 0x00000000417e6020-0x000000004181305f] usable
[    0.000000] reserve setup_data: [mem 0x0000000041813060-0x000000004181401f] usable
[    0.000000] reserve setup_data: [mem 0x0000000041814020-0x0000000041814c5f] usable
[    0.000000] reserve setup_data: [mem 0x0000000041814c60-0x000000004181501f] usable
[    0.000000] reserve setup_data: [mem 0x0000000041815020-0x000000004184205f] usable
[    0.000000] reserve setup_data: [mem 0x0000000041842060-0x000000004184301f] usable
[    0.000000] reserve setup_data: [mem 0x0000000041843020-0x0000000041843c5f] usable
[    0.000000] reserve setup_data: [mem 0x0000000041843c60-0x000000004184401f] usable
[    0.000000] reserve setup_data: [mem 0x0000000041844020-0x000000004187105f] usable
[    0.000000] reserve setup_data: [mem 0x0000000041871060-0x000000004187201f] usable
[    0.000000] reserve setup_data: [mem 0x0000000041872020-0x0000000041872c5f] usable
[    0.000000] reserve setup_data: [mem 0x0000000041872c60-0x000000004187301f] usable
[    0.000000] reserve setup_data: [mem 0x0000000041873020-0x00000000418a005f] usable
[    0.000000] reserve setup_data: [mem 0x00000000418a0060-0x00000000418a101f] usable
[    0.000000] reserve setup_data: [mem 0x00000000418a1020-0x00000000418a1c5f] usable
[    0.000000] reserve setup_data: [mem 0x00000000418a1c60-0x00000000418a201f] usable
[    0.000000] reserve setup_data: [mem 0x00000000418a2020-0x00000000418cf05f] usable
[    0.000000] reserve setup_data: [mem 0x00000000418cf060-0x00000000418d001f] usable
[    0.000000] reserve setup_data: [mem 0x00000000418d0020-0x00000000418d0c5f] usable
[    0.000000] reserve setup_data: [mem 0x00000000418d0c60-0x00000000418d101f] usable
[    0.000000] reserve setup_data: [mem 0x00000000418d1020-0x00000000418fe05f] usable
[    0.000000] reserve setup_data: [mem 0x00000000418fe060-0x00000000418ff01f] usable
[    0.000000] reserve setup_data: [mem 0x00000000418ff020-0x00000000418ffc5f] usable
[    0.000000] reserve setup_data: [mem 0x00000000418ffc60-0x000000004190001f] usable
[    0.000000] reserve setup_data: [mem 0x0000000041900020-0x000000004192d05f] usable
[    0.000000] reserve setup_data: [mem 0x000000004192d060-0x000000004192e01f] usable
[    0.000000] reserve setup_data: [mem 0x000000004192e020-0x000000004196765f] usable
[    0.000000] reserve setup_data: [mem 0x0000000041967660-0x000000004196801f] usable
[    0.000000] reserve setup_data: [mem 0x0000000041968020-0x00000000419a165f] usable
[    0.000000] reserve setup_data: [mem 0x00000000419a1660-0x00000000419a201f] usable
[    0.000000] reserve setup_data: [mem 0x00000000419a2020-0x00000000419db65f] usable
[    0.000000] reserve setup_data: [mem 0x00000000419db660-0x00000000419dc01f] usable
[    0.000000] reserve setup_data: [mem 0x00000000419dc020-0x0000000041a1565f] usable
[    0.000000] reserve setup_data: [mem 0x0000000041a15660-0x0000000041a1601f] usable
[    0.000000] reserve setup_data: [mem 0x0000000041a16020-0x0000000041a4305f] usable
[    0.000000] reserve setup_data: [mem 0x0000000041a43060-0x0000000041a4401f] usable
[    0.000000] reserve setup_data: [mem 0x0000000041a44020-0x0000000041a4c05f] usable
[    0.000000] reserve setup_data: [mem 0x0000000041a4c060-0x0000000041a4d01f] usable
[    0.000000] reserve setup_data: [mem 0x0000000041a4d020-0x0000000041a8325f] usable
[    0.000000] reserve setup_data: [mem 0x0000000041a83260-0x0000000041a8401f] usable
[    0.000000] reserve setup_data: [mem 0x0000000041a84020-0x0000000041aba25f] usable
[    0.000000] reserve setup_data: [mem 0x0000000041aba260-0x0000000041abb01f] usable
[    0.000000] reserve setup_data: [mem 0x0000000041abb020-0x0000000041ace25f] usable
[    0.000000] reserve setup_data: [mem 0x0000000041ace260-0x000000004dfa0fff] usable
[    0.000000] reserve setup_data: [mem 0x000000004dfa1000-0x00000000507a0fff] ACPI NVS
[    0.000000] reserve setup_data: [mem 0x00000000507a1000-0x000000005220001f] usable
[    0.000000] reserve setup_data: [mem 0x0000000052200020-0x0000000052200c5f] usable
[    0.000000] reserve setup_data: [mem 0x0000000052200c60-0x00000000525f201f] usable
[    0.000000] reserve setup_data: [mem 0x00000000525f2020-0x00000000525f2c5f] usable
[    0.000000] reserve setup_data: [mem 0x00000000525f2c60-0x00000000641fdfff] usable
[    0.000000] reserve setup_data: [mem 0x00000000641fe000-0x0000000074dfefff] reserved
[    0.000000] reserve setup_data: [mem 0x0000000074dff000-0x00000000771fefff] ACPI NVS
[    0.000000] reserve setup_data: [mem 0x00000000771ff000-0x00000000777fefff] ACPI data
[    0.000000] reserve setup_data: [mem 0x00000000777ff000-0x00000000777fffff] usable
[    0.000000] reserve setup_data: [mem 0x0000000077800000-0x000000008fffffff] reserved
[    0.000000] reserve setup_data: [mem 0x00000000fe010000-0x00000000fe010fff] reserved
[    0.000000] reserve setup_data: [mem 0x0000000100000000-0x000002007fffffff] usable
[    0.000000] efi: EFI v2.7 by Dell Inc.
[    0.000000] efi: ACPI=0x777fe000 ACPI 2.0=0x777fe014 TPMFinalLog=0x76523000 MEMATTR=0x5ec7f6a0 SMBIOS=0x6ff1b000 SMBIOS 3.0=0x6ff19000 MOKvar=0x645e0000 RNG=0x774ef020 TPMEventLog=0x41acf020 
[    0.000000] random: crng init done
[    0.000000] efi: Remove mem71: MMIO range=[0x80000000-0x8fffffff] (256MB) from e820 map
[    0.000000] e820: remove [mem 0x80000000-0x8fffffff] reserved
[    0.000000] efi: Not removing mem72: MMIO range=[0xfe010000-0xfe010fff] (4KB) from e820 map
[    0.000000] secureboot: Secure boot disabled
[    0.000000] SMBIOS 3.3.0 present.
[    0.000000] DMI: Dell Inc. PowerEdge XE9680/0CNX93, BIOS 2.0.4 06/24/2024
[    0.000000] tsc: Detected 2000.000 MHz processor
[    0.000011] e820: update [mem 0x00000000-0x00000fff] usable ==> reserved
[    0.000013] e820: remove [mem 0x000a0000-0x000fffff] usable
[    0.000035] last_pfn = 0x20080000 max_arch_pfn = 0x10000000000
[    0.000042] total RAM covered: 4192256M
[    0.000123]  gran_size: 64K 	chunk_size: 64K 	num_reg: 10  	lose cover RAM: 2048G
[    0.000125]  gran_size: 64K 	chunk_size: 128K 	num_reg: 10  	lose cover RAM: 2048G
[    0.000126]  gran_size: 64K 	chunk_size: 256K 	num_reg: 10  	lose cover RAM: 2048G
[    0.000128]  gran_size: 64K 	chunk_size: 512K 	num_reg: 10  	lose cover RAM: 2048G
[    0.000129]  gran_size: 64K 	chunk_size: 1M 	num_reg: 10  	lose cover RAM: 2048G
[    0.000130]  gran_size: 64K 	chunk_size: 2M 	num_reg: 10  	lose cover RAM: 2048G
[    0.000131]  gran_size: 64K 	chunk_size: 4M 	num_reg: 10  	lose cover RAM: 2048G
[    0.000132]  gran_size: 64K 	chunk_size: 8M 	num_reg: 10  	lose cover RAM: 2048G
[    0.000133]  gran_size: 64K 	chunk_size: 16M 	num_reg: 10  	lose cover RAM: 2048G
[    0.000135]  gran_size: 64K 	chunk_size: 32M 	num_reg: 10  	lose cover RAM: 2048G
[    0.000136]  gran_size: 64K 	chunk_size: 64M 	num_reg: 10  	lose cover RAM: 2048G
[    0.000137]  gran_size: 64K 	chunk_size: 128M 	num_reg: 10  	lose cover RAM: 2048G
[    0.000138]  gran_size: 64K 	chunk_size: 256M 	num_reg: 10  	lose cover RAM: 2048G
[    0.000139]  gran_size: 64K 	chunk_size: 512M 	num_reg: 10  	lose cover RAM: 2048G
[    0.000140]  gran_size: 64K 	chunk_size: 1G 	num_reg: 10  	lose cover RAM: 2048G
[    0.000141]  gran_size: 64K 	chunk_size: 2G 	num_reg: 10  	lose cover RAM: 2048G
[    0.000142]  gran_size: 128K 	chunk_size: 128K 	num_reg: 10  	lose cover RAM: 2048G
[    0.000144]  gran_size: 128K 	chunk_size: 256K 	num_reg: 10  	lose cover RAM: 2048G
[    0.000145]  gran_size: 128K 	chunk_size: 512K 	num_reg: 10  	lose cover RAM: 2048G
[    0.000146]  gran_size: 128K 	chunk_size: 1M 	num_reg: 10  	lose cover RAM: 2048G
[    0.000147]  gran_size: 128K 	chunk_size: 2M 	num_reg: 10  	lose cover RAM: 2048G
[    0.000148]  gran_size: 128K 	chunk_size: 4M 	num_reg: 10  	lose cover RAM: 2048G
[    0.000149]  gran_size: 128K 	chunk_size: 8M 	num_reg: 10  	lose cover RAM: 2048G
[    0.000150]  gran_size: 128K 	chunk_size: 16M 	num_reg: 10  	lose cover RAM: 2048G
[    0.000152]  gran_size: 128K 	chunk_size: 32M 	num_reg: 10  	lose cover RAM: 2048G
[    0.000153]  gran_size: 128K 	chunk_size: 64M 	num_reg: 10  	lose cover RAM: 2048G
[    0.000154]  gran_size: 128K 	chunk_size: 128M 	num_reg: 10  	lose cover RAM: 2048G
[    0.000155]  gran_size: 128K 	chunk_size: 256M 	num_reg: 10  	lose cover RAM: 2048G
[    0.000156]  gran_size: 128K 	chunk_size: 512M 	num_reg: 10  	lose cover RAM: 2048G
[    0.000157]  gran_size: 128K 	chunk_size: 1G 	num_reg: 10  	lose cover RAM: 2048G
[    0.000158]  gran_size: 128K 	chunk_size: 2G 	num_reg: 10  	lose cover RAM: 2048G
[    0.000160]  gran_size: 256K 	chunk_size: 256K 	num_reg: 10  	lose cover RAM: 2048G
[    0.000161]  gran_size: 256K 	chunk_size: 512K 	num_reg: 10  	lose cover RAM: 2048G
[    0.000162]  gran_size: 256K 	chunk_size: 1M 	num_reg: 10  	lose cover RAM: 2048G
[    0.000163]  gran_size: 256K 	chunk_size: 2M 	num_reg: 10  	lose cover RAM: 2048G
[    0.000164]  gran_size: 256K 	chunk_size: 4M 	num_reg: 10  	lose cover RAM: 2048G
[    0.000165]  gran_size: 256K 	chunk_size: 8M 	num_reg: 10  	lose cover RAM: 2048G
[    0.000166]  gran_size: 256K 	chunk_size: 16M 	num_reg: 10  	lose cover RAM: 2048G
[    0.000167]  gran_size: 256K 	chunk_size: 32M 	num_reg: 10  	lose cover RAM: 2048G
[    0.000169]  gran_size: 256K 	chunk_size: 64M 	num_reg: 10  	lose cover RAM: 2048G
[    0.000170]  gran_size: 256K 	chunk_size: 128M 	num_reg: 10  	lose cover RAM: 2048G
[    0.000171]  gran_size: 256K 	chunk_size: 256M 	num_reg: 10  	lose cover RAM: 2048G
[    0.000172]  gran_size: 256K 	chunk_size: 512M 	num_reg: 10  	lose cover RAM: 2048G
[    0.000173]  gran_size: 256K 	chunk_size: 1G 	num_reg: 10  	lose cover RAM: 2048G
[    0.000174]  gran_size: 256K 	chunk_size: 2G 	num_reg: 10  	lose cover RAM: 2048G
[    0.000175]  gran_size: 512K 	chunk_size: 512K 	num_reg: 10  	lose cover RAM: 2048G
[    0.000176]  gran_size: 512K 	chunk_size: 1M 	num_reg: 10  	lose cover RAM: 2048G
[    0.000178]  gran_size: 512K 	chunk_size: 2M 	num_reg: 10  	lose cover RAM: 2048G
[    0.000179]  gran_size: 512K 	chunk_size: 4M 	num_reg: 10  	lose cover RAM: 2048G
[    0.000180]  gran_size: 512K 	chunk_size: 8M 	num_reg: 10  	lose cover RAM: 2048G
[    0.000181]  gran_size: 512K 	chunk_size: 16M 	num_reg: 10  	lose cover RAM: 2048G
[    0.000182]  gran_size: 512K 	chunk_size: 32M 	num_reg: 10  	lose cover RAM: 2048G
[    0.000183]  gran_size: 512K 	chunk_size: 64M 	num_reg: 10  	lose cover RAM: 2048G
[    0.000184]  gran_size: 512K 	chunk_size: 128M 	num_reg: 10  	lose cover RAM: 2048G
[    0.000185]  gran_size: 512K 	chunk_size: 256M 	num_reg: 10  	lose cover RAM: 2048G
[    0.000187]  gran_size: 512K 	chunk_size: 512M 	num_reg: 10  	lose cover RAM: 2048G
[    0.000188]  gran_size: 512K 	chunk_size: 1G 	num_reg: 10  	lose cover RAM: 2048G
[    0.000189]  gran_size: 512K 	chunk_size: 2G 	num_reg: 10  	lose cover RAM: 2048G
[    0.000190]  gran_size: 1M 	chunk_size: 1M 	num_reg: 10  	lose cover RAM: 2048G
[    0.000191]  gran_size: 1M 	chunk_size: 2M 	num_reg: 10  	lose cover RAM: 2048G
[    0.000192]  gran_size: 1M 	chunk_size: 4M 	num_reg: 10  	lose cover RAM: 2048G
[    0.000193]  gran_size: 1M 	chunk_size: 8M 	num_reg: 10  	lose cover RAM: 2048G
[    0.000195]  gran_size: 1M 	chunk_size: 16M 	num_reg: 10  	lose cover RAM: 2048G
[    0.000196]  gran_size: 1M 	chunk_size: 32M 	num_reg: 10  	lose cover RAM: 2048G
[    0.000197]  gran_size: 1M 	chunk_size: 64M 	num_reg: 10  	lose cover RAM: 2048G
[    0.000198]  gran_size: 1M 	chunk_size: 128M 	num_reg: 10  	lose cover RAM: 2048G
[    0.000199]  gran_size: 1M 	chunk_size: 256M 	num_reg: 10  	lose cover RAM: 2048G
[    0.000200]  gran_size: 1M 	chunk_size: 512M 	num_reg: 10  	lose cover RAM: 2048G
[    0.000201]  gran_size: 1M 	chunk_size: 1G 	num_reg: 10  	lose cover RAM: 2048G
[    0.000202]  gran_size: 1M 	chunk_size: 2G 	num_reg: 10  	lose cover RAM: 2048G
[    0.000204]  gran_size: 2M 	chunk_size: 2M 	num_reg: 10  	lose cover RAM: 2048G
[    0.000205]  gran_size: 2M 	chunk_size: 4M 	num_reg: 10  	lose cover RAM: 2048G
[    0.000206]  gran_size: 2M 	chunk_size: 8M 	num_reg: 10  	lose cover RAM: 2048G
[    0.000207]  gran_size: 2M 	chunk_size: 16M 	num_reg: 10  	lose cover RAM: 2048G
[    0.000208]  gran_size: 2M 	chunk_size: 32M 	num_reg: 10  	lose cover RAM: 2048G
[    0.000209]  gran_size: 2M 	chunk_size: 64M 	num_reg: 10  	lose cover RAM: 2048G
[    0.000210]  gran_size: 2M 	chunk_size: 128M 	num_reg: 10  	lose cover RAM: 2048G
[    0.000211]  gran_size: 2M 	chunk_size: 256M 	num_reg: 10  	lose cover RAM: 2048G
[    0.000212]  gran_size: 2M 	chunk_size: 512M 	num_reg: 10  	lose cover RAM: 2048G
[    0.000214]  gran_size: 2M 	chunk_size: 1G 	num_reg: 10  	lose cover RAM: 2048G
[    0.000215]  gran_size: 2M 	chunk_size: 2G 	num_reg: 10  	lose cover RAM: 2048G
[    0.000216]  gran_size: 4M 	chunk_size: 4M 	num_reg: 10  	lose cover RAM: 2048G
[    0.000217]  gran_size: 4M 	chunk_size: 8M 	num_reg: 10  	lose cover RAM: 2048G
[    0.000218]  gran_size: 4M 	chunk_size: 16M 	num_reg: 10  	lose cover RAM: 2048G
[    0.000219]  gran_size: 4M 	chunk_size: 32M 	num_reg: 10  	lose cover RAM: 2048G
[    0.000220]  gran_size: 4M 	chunk_size: 64M 	num_reg: 10  	lose cover RAM: 2048G
[    0.000221]  gran_size: 4M 	chunk_size: 128M 	num_reg: 10  	lose cover RAM: 2048G
[    0.000223]  gran_size: 4M 	chunk_size: 256M 	num_reg: 10  	lose cover RAM: 2048G
[    0.000224]  gran_size: 4M 	chunk_size: 512M 	num_reg: 10  	lose cover RAM: 2048G
[    0.000225]  gran_size: 4M 	chunk_size: 1G 	num_reg: 10  	lose cover RAM: 2048G
[    0.000226]  gran_size: 4M 	chunk_size: 2G 	num_reg: 10  	lose cover RAM: 2048G
[    0.000227]  gran_size: 8M 	chunk_size: 8M 	num_reg: 10  	lose cover RAM: 2048G
[    0.000228]  gran_size: 8M 	chunk_size: 16M 	num_reg: 10  	lose cover RAM: 2048G
[    0.000229]  gran_size: 8M 	chunk_size: 32M 	num_reg: 10  	lose cover RAM: 2048G
[    0.000230]  gran_size: 8M 	chunk_size: 64M 	num_reg: 10  	lose cover RAM: 2048G
[    0.000231]  gran_size: 8M 	chunk_size: 128M 	num_reg: 10  	lose cover RAM: 2048G
[    0.000233]  gran_size: 8M 	chunk_size: 256M 	num_reg: 10  	lose cover RAM: 2048G
[    0.000234]  gran_size: 8M 	chunk_size: 512M 	num_reg: 10  	lose cover RAM: 2048G
[    0.000235]  gran_size: 8M 	chunk_size: 1G 	num_reg: 10  	lose cover RAM: 2048G
[    0.000236]  gran_size: 8M 	chunk_size: 2G 	num_reg: 10  	lose cover RAM: 2048G
[    0.000237]  gran_size: 16M 	chunk_size: 16M 	num_reg: 10  	lose cover RAM: 2048G
[    0.000238]  gran_size: 16M 	chunk_size: 32M 	num_reg: 10  	lose cover RAM: 2048G
[    0.000239]  gran_size: 16M 	chunk_size: 64M 	num_reg: 10  	lose cover RAM: 2048G
[    0.000240]  gran_size: 16M 	chunk_size: 128M 	num_reg: 10  	lose cover RAM: 2048G
[    0.000242]  gran_size: 16M 	chunk_size: 256M 	num_reg: 10  	lose cover RAM: 2048G
[    0.000243]  gran_size: 16M 	chunk_size: 512M 	num_reg: 10  	lose cover RAM: 2048G
[    0.000244]  gran_size: 16M 	chunk_size: 1G 	num_reg: 10  	lose cover RAM: 2048G
[    0.000245]  gran_size: 16M 	chunk_size: 2G 	num_reg: 10  	lose cover RAM: 2048G
[    0.000246]  gran_size: 32M 	chunk_size: 32M 	num_reg: 10  	lose cover RAM: 2048G
[    0.000247]  gran_size: 32M 	chunk_size: 64M 	num_reg: 10  	lose cover RAM: 2048G
[    0.000248]  gran_size: 32M 	chunk_size: 128M 	num_reg: 10  	lose cover RAM: 2048G
[    0.000249]  gran_size: 32M 	chunk_size: 256M 	num_reg: 10  	lose cover RAM: 2048G
[    0.000251]  gran_size: 32M 	chunk_size: 512M 	num_reg: 10  	lose cover RAM: 2048G
[    0.000252]  gran_size: 32M 	chunk_size: 1G 	num_reg: 10  	lose cover RAM: 2048G
[    0.000253]  gran_size: 32M 	chunk_size: 2G 	num_reg: 10  	lose cover RAM: 2048G
[    0.000254]  gran_size: 64M 	chunk_size: 64M 	num_reg: 10  	lose cover RAM: 2048G
[    0.000255]  gran_size: 64M 	chunk_size: 128M 	num_reg: 10  	lose cover RAM: 2048G
[    0.000256]  gran_size: 64M 	chunk_size: 256M 	num_reg: 10  	lose cover RAM: 2048G
[    0.000257]  gran_size: 64M 	chunk_size: 512M 	num_reg: 10  	lose cover RAM: 2048G
[    0.000258]  gran_size: 64M 	chunk_size: 1G 	num_reg: 10  	lose cover RAM: 2048G
[    0.000260]  gran_size: 64M 	chunk_size: 2G 	num_reg: 10  	lose cover RAM: 2048G
[    0.000261]  gran_size: 128M 	chunk_size: 128M 	num_reg: 10  	lose cover RAM: 2048G
[    0.000262]  gran_size: 128M 	chunk_size: 256M 	num_reg: 10  	lose cover RAM: 2048G
[    0.000263]  gran_size: 128M 	chunk_size: 512M 	num_reg: 10  	lose cover RAM: 2048G
[    0.000264]  gran_size: 128M 	chunk_size: 1G 	num_reg: 10  	lose cover RAM: 2048G
[    0.000265]  gran_size: 128M 	chunk_size: 2G 	num_reg: 10  	lose cover RAM: 2048G
[    0.000266]  gran_size: 256M 	chunk_size: 256M 	num_reg: 10  	lose cover RAM: 2048G
[    0.000268]  gran_size: 256M 	chunk_size: 512M 	num_reg: 10  	lose cover RAM: 2048G
[    0.000269]  gran_size: 256M 	chunk_size: 1G 	num_reg: 10  	lose cover RAM: 2048G
[    0.000270]  gran_size: 256M 	chunk_size: 2G 	num_reg: 10  	lose cover RAM: 2048G
[    0.000271]  gran_size: 512M 	chunk_size: 512M 	num_reg: 10  	lose cover RAM: 2048G
[    0.000272]  gran_size: 512M 	chunk_size: 1G 	num_reg: 10  	lose cover RAM: 2048G
[    0.000273]  gran_size: 512M 	chunk_size: 2G 	num_reg: 10  	lose cover RAM: 2048G
[    0.000274]  gran_size: 1G 	chunk_size: 1G 	num_reg: 10  	lose cover RAM: 2048G
[    0.000275]  gran_size: 1G 	chunk_size: 2G 	num_reg: 10  	lose cover RAM: 2048G
[    0.000276]  gran_size: 2G 	chunk_size: 2G 	num_reg: 10  	lose cover RAM: 2048G
[    0.000278] mtrr_cleanup: can not find optimal value
[    0.000278] please specify mtrr_gran_size/mtrr_chunk_size
[    0.000280] MTRR map: 6 entries (3 fixed + 3 variable; max 23), built from 10 variable MTRRs
[    0.000283] x86/PAT: Configuration [0-7]: WB  WC  UC- UC  WB  WP  UC- WT  
[    0.001149] e820: update [mem 0x80000000-0xffffffff] usable ==> reserved
[    0.001152] x2apic: enabled by BIOS, switching to x2apic ops
[    0.001154] last_pfn = 0x77800 max_arch_pfn = 0x10000000000
[    0.007316] Using GB pages for direct mapping
[    0.008253] secureboot: Secure boot disabled
[    0.008253] RAMDISK: [mem 0x41adc000-0x4be92fff]
[    0.008259] ACPI: Early table checksum verification disabled
[    0.008264] ACPI: RSDP 0x00000000777FE014 000024 (v02 DELL  )
[    0.008269] ACPI: XSDT 0x00000000774F3188 0000E4 (v01 DELL   PE_SC3   00000000      01000013)
[    0.008277] ACPI: FACP 0x00000000777F6000 000114 (v06 DELL   PE_SC3   00000000 INTL 20091013)
[    0.008283] ACPI: DSDT 0x00000000776F5000 0FBFCE (v02 DELL   PE_SC3   00000003 INTL 20091013)
[    0.008286] ACPI: FACS 0x000000007653C000 000040
[    0.008288] ACPI: SSDT 0x00000000777FB000 00131D (v02 INTEL  RAS_ACPI 00000001 INTL 20210331)
[    0.008291] ACPI: SSDT 0x00000000777FA000 00076E (v02 INTEL  ADDRXLAT 00000001 INTL 20210331)
[    0.008294] ACPI: BERT 0x00000000777F9000 000030 (v01 DELL   PE_SC3   00000001 INTL 00000001)
[    0.008296] ACPI: ERST 0x00000000777F8000 000230 (v01 DELL   PE_SC3   00000001 INTL 00000001)
[    0.008299] ACPI: MCEJ 0x00000000777F7000 000130 (v01 INTEL           00000001 INTL 0100000D)
[    0.008301] ACPI: HPET 0x00000000777F5000 000038 (v01 DELL   PE_SC3   00000001 INTL 20091013)
[    0.008304] ACPI: MCFG 0x00000000777F4000 00003C (v01 DELL   PE_SC3   00000001 INTL 20091013)
[    0.008306] ACPI: MIGT 0x00000000777F3000 000040 (v01 DELL   PE_SC3   00000000 INTL 20091013)
[    0.008309] ACPI: MSCT 0x00000000777F2000 000090 (v01 DELL   PE_SC3   00000001 INTL 20091013)
[    0.008311] ACPI: WSMT 0x00000000777F1000 000028 (v01 DELL   PE_SC3   00000000 INTL 20091013)
[    0.008314] ACPI: APIC 0x00000000776F4000 000D5E (v05 DELL   PE_SC3   10182021 INTL 20091013)
[    0.008316] ACPI: SRAT 0x00000000776EC000 007830 (v03 DELL   PE_SC3   00000002      01000013)
[    0.008319] ACPI: SLIT 0x00000000776EB000 000030 (v01 DELL   PE_SC3   00000002      01000013)
[    0.008321] ACPI: HMAT 0x00000000776EA000 000158 (v02 DELL   PE_SC3   00000002      01000013)
[    0.008324] ACPI: OEM4 0x0000000077562000 187A51 (v02 INTEL  CPU  CST 00003000 INTL 20210331)
[    0.008327] ACPI: SSDT 0x00000000774F8000 069895 (v02 INTEL  SSDT  PM 00004000 INTL 20210331)
[    0.008329] ACPI: SSDT 0x00000000774F7000 000A1F (v02 DELL   PE_SC3   00000000 INTL 20091013)
[    0.008332] ACPI: HEST 0x00000000774F6000 00017C (v01 DELL   PE_SC3   00000001 INTL 00000001)
[    0.008334] ACPI: SSDT 0x00000000774F5000 000623 (v02 DELL   Tpm2Tabl 00001000 INTL 20210331)
[    0.008337] ACPI: TPM2 0x00000000774F4000 00004C (v04 DELL   PE_SC3   00000002      01000013)
[    0.008339] ACPI: SSDT 0x00000000774F1000 001AAC (v02 DELL   PE_SC3   00000002 DELL 00000001)
[    0.008342] ACPI: NBFT 0x00000000777FD000 00012B (v01 DELL   PE_SC3   00000000      01000013)
[    0.008344] ACPI: DMAR 0x00000000774F0000 000488 (v01 DELL   PE_SC3   00000001 INTL 20091013)
[    0.008346] ACPI: Reserving FACP table memory at [mem 0x777f6000-0x777f6113]
[    0.008348] ACPI: Reserving DSDT table memory at [mem 0x776f5000-0x777f0fcd]
[    0.008349] ACPI: Reserving FACS table memory at [mem 0x7653c000-0x7653c03f]
[    0.008349] ACPI: Reserving SSDT table memory at [mem 0x777fb000-0x777fc31c]
[    0.008350] ACPI: Reserving SSDT table memory at [mem 0x777fa000-0x777fa76d]
[    0.008351] ACPI: Reserving BERT table memory at [mem 0x777f9000-0x777f902f]
[    0.008351] ACPI: Reserving ERST table memory at [mem 0x777f8000-0x777f822f]
[    0.008352] ACPI: Reserving MCEJ table memory at [mem 0x777f7000-0x777f712f]
[    0.008353] ACPI: Reserving HPET table memory at [mem 0x777f5000-0x777f5037]
[    0.008354] ACPI: Reserving MCFG table memory at [mem 0x777f4000-0x777f403b]
[    0.008354] ACPI: Reserving MIGT table memory at [mem 0x777f3000-0x777f303f]
[    0.008355] ACPI: Reserving MSCT table memory at [mem 0x777f2000-0x777f208f]
[    0.008356] ACPI: Reserving WSMT table memory at [mem 0x777f1000-0x777f1027]
[    0.008356] ACPI: Reserving APIC table memory at [mem 0x776f4000-0x776f4d5d]
[    0.008357] ACPI: Reserving SRAT table memory at [mem 0x776ec000-0x776f382f]
[    0.008358] ACPI: Reserving SLIT table memory at [mem 0x776eb000-0x776eb02f]
[    0.008359] ACPI: Reserving HMAT table memory at [mem 0x776ea000-0x776ea157]
[    0.008359] ACPI: Reserving OEM4 table memory at [mem 0x77562000-0x776e9a50]
[    0.008360] ACPI: Reserving SSDT table memory at [mem 0x774f8000-0x77561894]
[    0.008361] ACPI: Reserving SSDT table memory at [mem 0x774f7000-0x774f7a1e]
[    0.008361] ACPI: Reserving HEST table memory at [mem 0x774f6000-0x774f617b]
[    0.008362] ACPI: Reserving SSDT table memory at [mem 0x774f5000-0x774f5622]
[    0.008363] ACPI: Reserving TPM2 table memory at [mem 0x774f4000-0x774f404b]
[    0.008364] ACPI: Reserving SSDT table memory at [mem 0x774f1000-0x774f2aab]
[    0.008364] ACPI: Reserving NBFT table memory at [mem 0x777fd000-0x777fd12a]
[    0.008365] ACPI: Reserving DMAR table memory at [mem 0x774f0000-0x774f0487]
[    0.008428] APIC: Switched APIC routing to: cluster x2apic
[    0.008474] SRAT: PXM 0 -> APIC 0x0000 -> Node 0
[    0.008475] SRAT: PXM 0 -> APIC 0x0001 -> Node 0
[    0.008476] SRAT: PXM 0 -> APIC 0x0002 -> Node 0
[    0.008476] SRAT: PXM 0 -> APIC 0x0003 -> Node 0
[    0.008477] SRAT: PXM 0 -> APIC 0x0004 -> Node 0
[    0.008477] SRAT: PXM 0 -> APIC 0x0005 -> Node 0
[    0.008478] SRAT: PXM 0 -> APIC 0x0006 -> Node 0
[    0.008479] SRAT: PXM 0 -> APIC 0x0007 -> Node 0
[    0.008479] SRAT: PXM 0 -> APIC 0x0008 -> Node 0
[    0.008480] SRAT: PXM 0 -> APIC 0x0009 -> Node 0
[    0.008480] SRAT: PXM 0 -> APIC 0x000a -> Node 0
[    0.008481] SRAT: PXM 0 -> APIC 0x000b -> Node 0
[    0.008482] SRAT: PXM 0 -> APIC 0x000c -> Node 0
[    0.008482] SRAT: PXM 0 -> APIC 0x000d -> Node 0
[    0.008483] SRAT: PXM 0 -> APIC 0x000e -> Node 0
[    0.008483] SRAT: PXM 0 -> APIC 0x000f -> Node 0
[    0.008484] SRAT: PXM 0 -> APIC 0x0010 -> Node 0
[    0.008485] SRAT: PXM 0 -> APIC 0x0011 -> Node 0
[    0.008485] SRAT: PXM 0 -> APIC 0x0012 -> Node 0
[    0.008486] SRAT: PXM 0 -> APIC 0x0013 -> Node 0
[    0.008487] SRAT: PXM 0 -> APIC 0x0014 -> Node 0
[    0.008487] SRAT: PXM 0 -> APIC 0x0015 -> Node 0
[    0.008488] SRAT: PXM 0 -> APIC 0x0016 -> Node 0
[    0.008489] SRAT: PXM 0 -> APIC 0x0017 -> Node 0
[    0.008489] SRAT: PXM 0 -> APIC 0x0018 -> Node 0
[    0.008490] SRAT: PXM 0 -> APIC 0x0019 -> Node 0
[    0.008490] SRAT: PXM 0 -> APIC 0x001a -> Node 0
[    0.008491] SRAT: PXM 0 -> APIC 0x001b -> Node 0
[    0.008492] SRAT: PXM 0 -> APIC 0x001c -> Node 0
[    0.008492] SRAT: PXM 0 -> APIC 0x001d -> Node 0
[    0.008493] SRAT: PXM 0 -> APIC 0x001e -> Node 0
[    0.008493] SRAT: PXM 0 -> APIC 0x001f -> Node 0
[    0.008494] SRAT: PXM 0 -> APIC 0x0020 -> Node 0
[    0.008495] SRAT: PXM 0 -> APIC 0x0021 -> Node 0
[    0.008495] SRAT: PXM 0 -> APIC 0x0022 -> Node 0
[    0.008496] SRAT: PXM 0 -> APIC 0x0023 -> Node 0
[    0.008496] SRAT: PXM 0 -> APIC 0x0024 -> Node 0
[    0.008497] SRAT: PXM 0 -> APIC 0x0025 -> Node 0
[    0.008498] SRAT: PXM 0 -> APIC 0x0026 -> Node 0
[    0.008498] SRAT: PXM 0 -> APIC 0x0027 -> Node 0
[    0.008499] SRAT: PXM 0 -> APIC 0x0028 -> Node 0
[    0.008499] SRAT: PXM 0 -> APIC 0x0029 -> Node 0
[    0.008500] SRAT: PXM 0 -> APIC 0x002a -> Node 0
[    0.008501] SRAT: PXM 0 -> APIC 0x002b -> Node 0
[    0.008501] SRAT: PXM 0 -> APIC 0x002c -> Node 0
[    0.008502] SRAT: PXM 0 -> APIC 0x002d -> Node 0
[    0.008502] SRAT: PXM 0 -> APIC 0x002e -> Node 0
[    0.008503] SRAT: PXM 0 -> APIC 0x002f -> Node 0
[    0.008504] SRAT: PXM 0 -> APIC 0x0030 -> Node 0
[    0.008504] SRAT: PXM 0 -> APIC 0x0031 -> Node 0
[    0.008505] SRAT: PXM 0 -> APIC 0x0032 -> Node 0
[    0.008505] SRAT: PXM 0 -> APIC 0x0033 -> Node 0
[    0.008506] SRAT: PXM 0 -> APIC 0x0034 -> Node 0
[    0.008507] SRAT: PXM 0 -> APIC 0x0035 -> Node 0
[    0.008507] SRAT: PXM 0 -> APIC 0x0036 -> Node 0
[    0.008508] SRAT: PXM 0 -> APIC 0x0037 -> Node 0
[    0.008508] SRAT: PXM 0 -> APIC 0x0038 -> Node 0
[    0.008509] SRAT: PXM 0 -> APIC 0x0039 -> Node 0
[    0.008510] SRAT: PXM 0 -> APIC 0x003a -> Node 0
[    0.008510] SRAT: PXM 0 -> APIC 0x003b -> Node 0
[    0.008511] SRAT: PXM 0 -> APIC 0x003c -> Node 0
[    0.008511] SRAT: PXM 0 -> APIC 0x003d -> Node 0
[    0.008512] SRAT: PXM 0 -> APIC 0x003e -> Node 0
[    0.008513] SRAT: PXM 0 -> APIC 0x003f -> Node 0
[    0.008513] SRAT: PXM 0 -> APIC 0x0040 -> Node 0
[    0.008514] SRAT: PXM 0 -> APIC 0x0041 -> Node 0
[    0.008514] SRAT: PXM 0 -> APIC 0x0042 -> Node 0
[    0.008515] SRAT: PXM 0 -> APIC 0x0043 -> Node 0
[    0.008516] SRAT: PXM 0 -> APIC 0x0044 -> Node 0
[    0.008516] SRAT: PXM 0 -> APIC 0x0045 -> Node 0
[    0.008517] SRAT: PXM 0 -> APIC 0x0046 -> Node 0
[    0.008517] SRAT: PXM 0 -> APIC 0x0047 -> Node 0
[    0.008518] SRAT: PXM 0 -> APIC 0x0048 -> Node 0
[    0.008519] SRAT: PXM 0 -> APIC 0x0049 -> Node 0
[    0.008519] SRAT: PXM 0 -> APIC 0x004a -> Node 0
[    0.008520] SRAT: PXM 0 -> APIC 0x004b -> Node 0
[    0.008520] SRAT: PXM 0 -> APIC 0x004c -> Node 0
[    0.008521] SRAT: PXM 0 -> APIC 0x004d -> Node 0
[    0.008522] SRAT: PXM 0 -> APIC 0x004e -> Node 0
[    0.008522] SRAT: PXM 0 -> APIC 0x004f -> Node 0
[    0.008523] SRAT: PXM 0 -> APIC 0x0050 -> Node 0
[    0.008523] SRAT: PXM 0 -> APIC 0x0051 -> Node 0
[    0.008524] SRAT: PXM 0 -> APIC 0x0052 -> Node 0
[    0.008525] SRAT: PXM 0 -> APIC 0x0053 -> Node 0
[    0.008525] SRAT: PXM 0 -> APIC 0x0054 -> Node 0
[    0.008526] SRAT: PXM 0 -> APIC 0x0055 -> Node 0
[    0.008526] SRAT: PXM 0 -> APIC 0x0056 -> Node 0
[    0.008527] SRAT: PXM 0 -> APIC 0x0057 -> Node 0
[    0.008528] SRAT: PXM 0 -> APIC 0x0058 -> Node 0
[    0.008528] SRAT: PXM 0 -> APIC 0x0059 -> Node 0
[    0.008529] SRAT: PXM 0 -> APIC 0x005a -> Node 0
[    0.008529] SRAT: PXM 0 -> APIC 0x005b -> Node 0
[    0.008530] SRAT: PXM 0 -> APIC 0x005c -> Node 0
[    0.008531] SRAT: PXM 0 -> APIC 0x005d -> Node 0
[    0.008531] SRAT: PXM 0 -> APIC 0x005e -> Node 0
[    0.008532] SRAT: PXM 0 -> APIC 0x005f -> Node 0
[    0.008532] SRAT: PXM 0 -> APIC 0x0060 -> Node 0
[    0.008533] SRAT: PXM 0 -> APIC 0x0061 -> Node 0
[    0.008534] SRAT: PXM 0 -> APIC 0x0062 -> Node 0
[    0.008534] SRAT: PXM 0 -> APIC 0x0063 -> Node 0
[    0.008535] SRAT: PXM 0 -> APIC 0x0064 -> Node 0
[    0.008535] SRAT: PXM 0 -> APIC 0x0065 -> Node 0
[    0.008536] SRAT: PXM 0 -> APIC 0x0066 -> Node 0
[    0.008537] SRAT: PXM 0 -> APIC 0x0067 -> Node 0
[    0.008537] SRAT: PXM 1 -> APIC 0x0080 -> Node 1
[    0.008538] SRAT: PXM 1 -> APIC 0x0081 -> Node 1
[    0.008538] SRAT: PXM 1 -> APIC 0x0082 -> Node 1
[    0.008539] SRAT: PXM 1 -> APIC 0x0083 -> Node 1
[    0.008540] SRAT: PXM 1 -> APIC 0x0084 -> Node 1
[    0.008540] SRAT: PXM 1 -> APIC 0x0085 -> Node 1
[    0.008541] SRAT: PXM 1 -> APIC 0x0086 -> Node 1
[    0.008541] SRAT: PXM 1 -> APIC 0x0087 -> Node 1
[    0.008542] SRAT: PXM 1 -> APIC 0x0088 -> Node 1
[    0.008543] SRAT: PXM 1 -> APIC 0x0089 -> Node 1
[    0.008543] SRAT: PXM 1 -> APIC 0x008a -> Node 1
[    0.008544] SRAT: PXM 1 -> APIC 0x008b -> Node 1
[    0.008544] SRAT: PXM 1 -> APIC 0x008c -> Node 1
[    0.008545] SRAT: PXM 1 -> APIC 0x008d -> Node 1
[    0.008546] SRAT: PXM 1 -> APIC 0x008e -> Node 1
[    0.008546] SRAT: PXM 1 -> APIC 0x008f -> Node 1
[    0.008547] SRAT: PXM 1 -> APIC 0x0090 -> Node 1
[    0.008547] SRAT: PXM 1 -> APIC 0x0091 -> Node 1
[    0.008548] SRAT: PXM 1 -> APIC 0x0092 -> Node 1
[    0.008549] SRAT: PXM 1 -> APIC 0x0093 -> Node 1
[    0.008549] SRAT: PXM 1 -> APIC 0x0094 -> Node 1
[    0.008550] SRAT: PXM 1 -> APIC 0x0095 -> Node 1
[    0.008550] SRAT: PXM 1 -> APIC 0x0096 -> Node 1
[    0.008551] SRAT: PXM 1 -> APIC 0x0097 -> Node 1
[    0.008552] SRAT: PXM 1 -> APIC 0x0098 -> Node 1
[    0.008552] SRAT: PXM 1 -> APIC 0x0099 -> Node 1
[    0.008553] SRAT: PXM 1 -> APIC 0x009a -> Node 1
[    0.008553] SRAT: PXM 1 -> APIC 0x009b -> Node 1
[    0.008554] SRAT: PXM 1 -> APIC 0x009c -> Node 1
[    0.008555] SRAT: PXM 1 -> APIC 0x009d -> Node 1
[    0.008555] SRAT: PXM 1 -> APIC 0x009e -> Node 1
[    0.008556] SRAT: PXM 1 -> APIC 0x009f -> Node 1
[    0.008556] SRAT: PXM 1 -> APIC 0x00a0 -> Node 1
[    0.008557] SRAT: PXM 1 -> APIC 0x00a1 -> Node 1
[    0.008558] SRAT: PXM 1 -> APIC 0x00a2 -> Node 1
[    0.008558] SRAT: PXM 1 -> APIC 0x00a3 -> Node 1
[    0.008559] SRAT: PXM 1 -> APIC 0x00a4 -> Node 1
[    0.008559] SRAT: PXM 1 -> APIC 0x00a5 -> Node 1
[    0.008560] SRAT: PXM 1 -> APIC 0x00a6 -> Node 1
[    0.008561] SRAT: PXM 1 -> APIC 0x00a7 -> Node 1
[    0.008561] SRAT: PXM 1 -> APIC 0x00a8 -> Node 1
[    0.008562] SRAT: PXM 1 -> APIC 0x00a9 -> Node 1
[    0.008562] SRAT: PXM 1 -> APIC 0x00aa -> Node 1
[    0.008563] SRAT: PXM 1 -> APIC 0x00ab -> Node 1
[    0.008564] SRAT: PXM 1 -> APIC 0x00ac -> Node 1
[    0.008564] SRAT: PXM 1 -> APIC 0x00ad -> Node 1
[    0.008565] SRAT: PXM 1 -> APIC 0x00ae -> Node 1
[    0.008565] SRAT: PXM 1 -> APIC 0x00af -> Node 1
[    0.008566] SRAT: PXM 1 -> APIC 0x00b0 -> Node 1
[    0.008566] SRAT: PXM 1 -> APIC 0x00b1 -> Node 1
[    0.008567] SRAT: PXM 1 -> APIC 0x00b2 -> Node 1
[    0.008568] SRAT: PXM 1 -> APIC 0x00b3 -> Node 1
[    0.008568] SRAT: PXM 1 -> APIC 0x00b4 -> Node 1
[    0.008569] SRAT: PXM 1 -> APIC 0x00b5 -> Node 1
[    0.008569] SRAT: PXM 1 -> APIC 0x00b6 -> Node 1
[    0.008570] SRAT: PXM 1 -> APIC 0x00b7 -> Node 1
[    0.008571] SRAT: PXM 1 -> APIC 0x00b8 -> Node 1
[    0.008571] SRAT: PXM 1 -> APIC 0x00b9 -> Node 1
[    0.008572] SRAT: PXM 1 -> APIC 0x00ba -> Node 1
[    0.008572] SRAT: PXM 1 -> APIC 0x00bb -> Node 1
[    0.008573] SRAT: PXM 1 -> APIC 0x00bc -> Node 1
[    0.008574] SRAT: PXM 1 -> APIC 0x00bd -> Node 1
[    0.008574] SRAT: PXM 1 -> APIC 0x00be -> Node 1
[    0.008575] SRAT: PXM 1 -> APIC 0x00bf -> Node 1
[    0.008575] SRAT: PXM 1 -> APIC 0x00c0 -> Node 1
[    0.008576] SRAT: PXM 1 -> APIC 0x00c1 -> Node 1
[    0.008577] SRAT: PXM 1 -> APIC 0x00c2 -> Node 1
[    0.008577] SRAT: PXM 1 -> APIC 0x00c3 -> Node 1
[    0.008578] SRAT: PXM 1 -> APIC 0x00c4 -> Node 1
[    0.008578] SRAT: PXM 1 -> APIC 0x00c5 -> Node 1
[    0.008579] SRAT: PXM 1 -> APIC 0x00c6 -> Node 1
[    0.008580] SRAT: PXM 1 -> APIC 0x00c7 -> Node 1
[    0.008580] SRAT: PXM 1 -> APIC 0x00c8 -> Node 1
[    0.008581] SRAT: PXM 1 -> APIC 0x00c9 -> Node 1
[    0.008581] SRAT: PXM 1 -> APIC 0x00ca -> Node 1
[    0.008582] SRAT: PXM 1 -> APIC 0x00cb -> Node 1
[    0.008583] SRAT: PXM 1 -> APIC 0x00cc -> Node 1
[    0.008583] SRAT: PXM 1 -> APIC 0x00cd -> Node 1
[    0.008584] SRAT: PXM 1 -> APIC 0x00ce -> Node 1
[    0.008584] SRAT: PXM 1 -> APIC 0x00cf -> Node 1
[    0.008585] SRAT: PXM 1 -> APIC 0x00d0 -> Node 1
[    0.008586] SRAT: PXM 1 -> APIC 0x00d1 -> Node 1
[    0.008586] SRAT: PXM 1 -> APIC 0x00d2 -> Node 1
[    0.008587] SRAT: PXM 1 -> APIC 0x00d3 -> Node 1
[    0.008587] SRAT: PXM 1 -> APIC 0x00d4 -> Node 1
[    0.008588] SRAT: PXM 1 -> APIC 0x00d5 -> Node 1
[    0.008588] SRAT: PXM 1 -> APIC 0x00d6 -> Node 1
[    0.008589] SRAT: PXM 1 -> APIC 0x00d7 -> Node 1
[    0.008590] SRAT: PXM 1 -> APIC 0x00d8 -> Node 1
[    0.008590] SRAT: PXM 1 -> APIC 0x00d9 -> Node 1
[    0.008591] SRAT: PXM 1 -> APIC 0x00da -> Node 1
[    0.008591] SRAT: PXM 1 -> APIC 0x00db -> Node 1
[    0.008592] SRAT: PXM 1 -> APIC 0x00dc -> Node 1
[    0.008593] SRAT: PXM 1 -> APIC 0x00dd -> Node 1
[    0.008593] SRAT: PXM 1 -> APIC 0x00de -> Node 1
[    0.008594] SRAT: PXM 1 -> APIC 0x00df -> Node 1
[    0.008594] SRAT: PXM 1 -> APIC 0x00e0 -> Node 1
[    0.008595] SRAT: PXM 1 -> APIC 0x00e1 -> Node 1
[    0.008596] SRAT: PXM 1 -> APIC 0x00e2 -> Node 1
[    0.008596] SRAT: PXM 1 -> APIC 0x00e3 -> Node 1
[    0.008597] SRAT: PXM 1 -> APIC 0x00e4 -> Node 1
[    0.008597] SRAT: PXM 1 -> APIC 0x00e5 -> Node 1
[    0.008598] SRAT: PXM 1 -> APIC 0x00e6 -> Node 1
[    0.008599] SRAT: PXM 1 -> APIC 0x00e7 -> Node 1
[    0.008613] ACPI: SRAT: Node 0 PXM 0 [mem 0x00000000-0x7fffffff]
[    0.008614] ACPI: SRAT: Node 0 PXM 0 [mem 0x100000000-0x1007fffffff]
[    0.008615] ACPI: SRAT: Node 1 PXM 1 [mem 0x10080000000-0x2007fffffff]
[    0.008629] NUMA: Initialized distance table, cnt=2
[    0.008632] NUMA: Node 0 [mem 0x00000000-0x7fffffff] + [mem 0x100000000-0x1007fffffff] -> [mem 0x00000000-0x1007fffffff]
[    0.008640] NODE_DATA(0) allocated [mem 0x1007ffd5000-0x1007fffffff]
[    0.008660] NODE_DATA(1) allocated [mem 0x2007ffd2000-0x2007fffcfff]
[    0.010227] Zone ranges:
[    0.010229]   DMA      [mem 0x0000000000001000-0x0000000000ffffff]
[    0.010231]   DMA32    [mem 0x0000000001000000-0x00000000ffffffff]
[    0.010233]   Normal   [mem 0x0000000100000000-0x000002007fffffff]
[    0.010234]   Device   empty
[    0.010235] Movable zone start for each node
[    0.010238] Early memory node ranges
[    0.010238]   node   0: [mem 0x0000000000001000-0x000000000009ffff]
[    0.010240]   node   0: [mem 0x0000000000100000-0x000000004dfa0fff]
[    0.010241]   node   0: [mem 0x00000000507a1000-0x00000000641fdfff]
[    0.010242]   node   0: [mem 0x00000000777ff000-0x00000000777fffff]
[    0.010243]   node   0: [mem 0x0000000100000000-0x000001007fffffff]
[    0.010296]   node   1: [mem 0x0000010080000000-0x000002007fffffff]
[    0.010352] Initmem setup node 0 [mem 0x0000000000001000-0x000001007fffffff]
[    0.010357] Initmem setup node 1 [mem 0x0000010080000000-0x000002007fffffff]
[    0.010360] On node 0, zone DMA: 1 pages in unavailable ranges
[    0.010387] On node 0, zone DMA: 96 pages in unavailable ranges
[    0.012892] On node 0, zone DMA32: 10240 pages in unavailable ranges
[    0.013279] On node 0, zone DMA32: 46593 pages in unavailable ranges
[    1.707889] On node 0, zone Normal: 2048 pages in unavailable ranges
[    3.939135] ACPI: PM-Timer IO Port: 0x508
[    3.939173] ACPI: X2APIC_NMI (uid[0xffffffff] high edge lint[0x1])
[    3.939176] ACPI: LAPIC_NMI (acpi_id[0xff] high edge lint[0x1])
[    3.939209] IOAPIC[0]: apic_id 8, version 32, address 0xfec00000, GSI 0-119
[    3.939213] ACPI: INT_SRC_OVR (bus 0 bus_irq 0 global_irq 2 dfl dfl)
[    3.939215] ACPI: INT_SRC_OVR (bus 0 bus_irq 9 global_irq 9 high level)
[    3.939221] ACPI: Using ACPI (MADT) for SMP configuration information
[    3.939222] ACPI: HPET id: 0x8086a701 base: 0xfed00000
[    3.939228] TSC deadline timer available
[    3.939229] smpboot: Allowing 208 CPUs, 0 hotplug CPUs
[    3.939250] PM: hibernation: Registered nosave memory: [mem 0x00000000-0x00000fff]
[    3.939252] PM: hibernation: Registered nosave memory: [mem 0x000a0000-0x000fffff]
[    3.939253] PM: hibernation: Registered nosave memory: [mem 0x417e6000-0x417e6fff]
[    3.939254] PM: hibernation: Registered nosave memory: [mem 0x41813000-0x41813fff]
[    3.939255] PM: hibernation: Registered nosave memory: [mem 0x41814000-0x41814fff]
[    3.939256] PM: hibernation: Registered nosave memory: [mem 0x41814000-0x41814fff]
[    3.939257] PM: hibernation: Registered nosave memory: [mem 0x41815000-0x41815fff]
[    3.939258] PM: hibernation: Registered nosave memory: [mem 0x41842000-0x41842fff]
[    3.939259] PM: hibernation: Registered nosave memory: [mem 0x41843000-0x41843fff]
[    3.939260] PM: hibernation: Registered nosave memory: [mem 0x41843000-0x41843fff]
[    3.939261] PM: hibernation: Registered nosave memory: [mem 0x41844000-0x41844fff]
[    3.939262] PM: hibernation: Registered nosave memory: [mem 0x41871000-0x41871fff]
[    3.939262] PM: hibernation: Registered nosave memory: [mem 0x41872000-0x41872fff]
[    3.939263] PM: hibernation: Registered nosave memory: [mem 0x41872000-0x41872fff]
[    3.939264] PM: hibernation: Registered nosave memory: [mem 0x41873000-0x41873fff]
[    3.939265] PM: hibernation: Registered nosave memory: [mem 0x418a0000-0x418a0fff]
[    3.939266] PM: hibernation: Registered nosave memory: [mem 0x418a1000-0x418a1fff]
[    3.939267] PM: hibernation: Registered nosave memory: [mem 0x418a1000-0x418a1fff]
[    3.939268] PM: hibernation: Registered nosave memory: [mem 0x418a2000-0x418a2fff]
[    3.939269] PM: hibernation: Registered nosave memory: [mem 0x418cf000-0x418cffff]
[    3.939269] PM: hibernation: Registered nosave memory: [mem 0x418d0000-0x418d0fff]
[    3.939270] PM: hibernation: Registered nosave memory: [mem 0x418d0000-0x418d0fff]
[    3.939271] PM: hibernation: Registered nosave memory: [mem 0x418d1000-0x418d1fff]
[    3.939272] PM: hibernation: Registered nosave memory: [mem 0x418fe000-0x418fefff]
[    3.939273] PM: hibernation: Registered nosave memory: [mem 0x418ff000-0x418fffff]
[    3.939274] PM: hibernation: Registered nosave memory: [mem 0x418ff000-0x418fffff]
[    3.939275] PM: hibernation: Registered nosave memory: [mem 0x41900000-0x41900fff]
[    3.939276] PM: hibernation: Registered nosave memory: [mem 0x4192d000-0x4192dfff]
[    3.939276] PM: hibernation: Registered nosave memory: [mem 0x4192e000-0x4192efff]
[    3.939278] PM: hibernation: Registered nosave memory: [mem 0x41967000-0x41967fff]
[    3.939278] PM: hibernation: Registered nosave memory: [mem 0x41968000-0x41968fff]
[    3.939279] PM: hibernation: Registered nosave memory: [mem 0x419a1000-0x419a1fff]
[    3.939280] PM: hibernation: Registered nosave memory: [mem 0x419a2000-0x419a2fff]
[    3.939281] PM: hibernation: Registered nosave memory: [mem 0x419db000-0x419dbfff]
[    3.939282] PM: hibernation: Registered nosave memory: [mem 0x419dc000-0x419dcfff]
[    3.939283] PM: hibernation: Registered nosave memory: [mem 0x41a15000-0x41a15fff]
[    3.939284] PM: hibernation: Registered nosave memory: [mem 0x41a16000-0x41a16fff]
[    3.939285] PM: hibernation: Registered nosave memory: [mem 0x41a43000-0x41a43fff]
[    3.939286] PM: hibernation: Registered nosave memory: [mem 0x41a44000-0x41a44fff]
[    3.939287] PM: hibernation: Registered nosave memory: [mem 0x41a4c000-0x41a4cfff]
[    3.939288] PM: hibernation: Registered nosave memory: [mem 0x41a4d000-0x41a4dfff]
[    3.939289] PM: hibernation: Registered nosave memory: [mem 0x41a83000-0x41a83fff]
[    3.939289] PM: hibernation: Registered nosave memory: [mem 0x41a84000-0x41a84fff]
[    3.939291] PM: hibernation: Registered nosave memory: [mem 0x41aba000-0x41abafff]
[    3.939291] PM: hibernation: Registered nosave memory: [mem 0x41abb000-0x41abbfff]
[    3.939293] PM: hibernation: Registered nosave memory: [mem 0x41ace000-0x41acefff]
[    3.939294] PM: hibernation: Registered nosave memory: [mem 0x4dfa1000-0x507a0fff]
[    3.939295] PM: hibernation: Registered nosave memory: [mem 0x52200000-0x52200fff]
[    3.939297] PM: hibernation: Registered nosave memory: [mem 0x52200000-0x52200fff]
[    3.939298] PM: hibernation: Registered nosave memory: [mem 0x525f2000-0x525f2fff]
[    3.939299] PM: hibernation: Registered nosave memory: [mem 0x525f2000-0x525f2fff]
[    3.939301] PM: hibernation: Registered nosave memory: [mem 0x641fe000-0x74dfefff]
[    3.939301] PM: hibernation: Registered nosave memory: [mem 0x74dff000-0x771fefff]
[    3.939302] PM: hibernation: Registered nosave memory: [mem 0x771ff000-0x777fefff]
[    3.939303] PM: hibernation: Registered nosave memory: [mem 0x77800000-0x7fffffff]
[    3.939304] PM: hibernation: Registered nosave memory: [mem 0x80000000-0xfe00ffff]
[    3.939304] PM: hibernation: Registered nosave memory: [mem 0xfe010000-0xfe010fff]
[    3.939305] PM: hibernation: Registered nosave memory: [mem 0xfe011000-0xffffffff]
[    3.939307] [mem 0x80000000-0xfe00ffff] available for PCI devices
[    3.939309] Booting paravirtualized kernel on bare hardware
[    3.939313] clocksource: refined-jiffies: mask: 0xffffffff max_cycles: 0xffffffff, max_idle_ns: 1910969940391419 ns
[    3.939322] setup_percpu: NR_CPUS:8192 nr_cpumask_bits:208 nr_cpu_ids:208 nr_node_ids:2
[    3.957049] percpu: Embedded 86 pages/cpu s229376 r8192 d114688 u524288
[    3.957064] pcpu-alloc: s229376 r8192 d114688 u524288 alloc=1*2097152
[    3.957067] pcpu-alloc: [0] 000 002 004 006 [0] 008 010 012 014 
[    3.957073] pcpu-alloc: [0] 016 018 020 022 [0] 024 026 028 030 
[    3.957077] pcpu-alloc: [0] 032 034 036 038 [0] 040 042 044 046 
[    3.957082] pcpu-alloc: [0] 048 050 052 054 [0] 056 058 060 062 
[    3.957086] pcpu-alloc: [0] 064 066 068 070 [0] 072 074 076 078 
[    3.957090] pcpu-alloc: [0] 080 082 084 086 [0] 088 090 092 094 
[    3.957094] pcpu-alloc: [0] 096 098 100 102 [0] 104 106 108 110 
[    3.957098] pcpu-alloc: [0] 112 114 116 118 [0] 120 122 124 126 
[    3.957102] pcpu-alloc: [0] 128 130 132 134 [0] 136 138 140 142 
[    3.957106] pcpu-alloc: [0] 144 146 148 150 [0] 152 154 156 158 
[    3.957110] pcpu-alloc: [0] 160 162 164 166 [0] 168 170 172 174 
[    3.957115] pcpu-alloc: [0] 176 178 180 182 [0] 184 186 188 190 
[    3.957119] pcpu-alloc: [0] 192 194 196 198 [0] 200 202 204 206 
[    3.957123] pcpu-alloc: [1] 001 003 005 007 [1] 009 011 013 015 
[    3.957127] pcpu-alloc: [1] 017 019 021 023 [1] 025 027 029 031 
[    3.957131] pcpu-alloc: [1] 033 035 037 039 [1] 041 043 045 047 
[    3.957135] pcpu-alloc: [1] 049 051 053 055 [1] 057 059 061 063 
[    3.957139] pcpu-alloc: [1] 065 067 069 071 [1] 073 075 077 079 
[    3.957143] pcpu-alloc: [1] 081 083 085 087 [1] 089 091 093 095 
[    3.957148] pcpu-alloc: [1] 097 099 101 103 [1] 105 107 109 111 
[    3.957152] pcpu-alloc: [1] 113 115 117 119 [1] 121 123 125 127 
[    3.957156] pcpu-alloc: [1] 129 131 133 135 [1] 137 139 141 143 
[    3.957160] pcpu-alloc: [1] 145 147 149 151 [1] 153 155 157 159 
[    3.957164] pcpu-alloc: [1] 161 163 165 167 [1] 169 171 173 175 
[    3.957168] pcpu-alloc: [1] 177 179 181 183 [1] 185 187 189 191 
[    3.957172] pcpu-alloc: [1] 193 195 197 199 [1] 201 203 205 207 
[    3.957226] Kernel command line: BOOT_IMAGE=/boot/vmlinuz-6.8.0-45-generic root=UUID=fcd05618-5b69-4232-9091-699abd580bd0 ro iommu=pt
[    3.957286] Unknown kernel command line parameters "BOOT_IMAGE=/boot/vmlinuz-6.8.0-45-generic", will be passed to user space.
[    3.957300] printk: log_buf_len individual max cpu contribution: 4096 bytes
[    3.957301] printk: log_buf_len total cpu_extra contributions: 847872 bytes
[    3.957302] printk: log_buf_len min size: 262144 bytes
[    3.959344] printk: log_buf_len: 2097152 bytes
[    3.959345] printk: early log buf free: 215632(82%)
[    3.963410] Fallback order for Node 0: 0 1 
[    3.963414] Fallback order for Node 1: 1 0 
[    3.963429] Built 2 zonelists, mobility grouping on.  Total pages: 528358551
[    3.963431] Policy zone: Normal
[    3.963438] mem auto-init: stack:all(zero), heap alloc:on, heap free:off
[    3.963468] software IO TLB: area num 256.
[    8.249239] Memory: 2112919184K/2146985592K available (22528K kernel code, 4438K rwdata, 13892K rodata, 4972K init, 4740K bss, 34066204K reserved, 0K cma-reserved)
[    8.255178] SLUB: HWalign=64, Order=0-3, MinObjects=0, CPUs=208, Nodes=2
[    8.255310] ftrace: allocating 57895 entries in 227 pages
[    8.268938] ftrace: allocated 227 pages with 5 groups
[    8.270541] Dynamic Preempt: voluntary
[    8.272109] rcu: Preemptible hierarchical RCU implementation.
[    8.272111] rcu: 	RCU restricting CPUs from NR_CPUS=8192 to nr_cpu_ids=208.
[    8.272112] 	Trampoline variant of Tasks RCU enabled.
[    8.272113] 	Rude variant of Tasks RCU enabled.
[    8.272113] 	Tracing variant of Tasks RCU enabled.
[    8.272114] rcu: RCU calculated value of scheduler-enlistment delay is 100 jiffies.
[    8.272115] rcu: Adjusting geometry for rcu_fanout_leaf=16, nr_cpu_ids=208
[    8.275114] NR_IRQS: 524544, nr_irqs: 3720, preallocated irqs: 16
[    8.276076] rcu: srcu_init: Setting srcu_struct sizes to big.
[    8.276958] Console: colour dummy device 80x25
[    8.276961] printk: legacy console [tty0] enabled
[    8.278215] mempolicy: Enabling automatic NUMA balancing. Configure with numa_balancing= or the kernel.numa_balancing sysctl
[    8.278222] ACPI: Core revision 20230628
[    8.279530] clocksource: hpet: mask: 0xffffffff max_cycles: 0xffffffff, max_idle_ns: 76450417870 ns
[    8.279633] APIC: Switch to symmetric I/O mode setup
[    8.279638] DMAR: Host address width 46
[    8.279640] DMAR: DRHD base: 0x000000db7fc000 flags: 0x0
[    8.279655] DMAR: dmar0: reg_base_addr db7fc000 ver 6:0 cap 9ed008c40780466 ecap 3ee9e86f050df
[    8.279659] DMAR: DRHD base: 0x000000de7fc000 flags: 0x0
[    8.279666] DMAR: dmar1: reg_base_addr de7fc000 ver 6:0 cap 9ed008c40780466 ecap 3ee9e86f050df
[    8.279670] DMAR: DRHD base: 0x000000e77fc000 flags: 0x0
[    8.279675] DMAR: dmar2: reg_base_addr e77fc000 ver 6:0 cap 9ed008c40780466 ecap 3ee9e86f050df
[    8.279678] DMAR: DRHD base: 0x000000f07fc000 flags: 0x0
[    8.279682] DMAR: dmar3: reg_base_addr f07fc000 ver 6:0 cap 9ed008c40780466 ecap 3ee9e86f050df
[    8.279685] DMAR: DRHD base: 0x000000f97fc000 flags: 0x0
[    8.279690] DMAR: dmar4: reg_base_addr f97fc000 ver 6:0 cap 9ed008c40780466 ecap 3ee9e86f050df
[    8.279693] DMAR: DRHD base: 0x000000d27fc000 flags: 0x0
[    8.279698] DMAR: dmar5: reg_base_addr d27fc000 ver 6:0 cap 9ed008c40780466 ecap 3ee9e86f050df
[    8.279701] DMAR: DRHD base: 0x000000f9ffc000 flags: 0x0
[    8.279706] DMAR: dmar6: reg_base_addr f9ffc000 ver 6:0 cap 9ed008c40780466 ecap 3ef9ea6f050df
[    8.279709] DMAR: DRHD base: 0x000000fa7fc000 flags: 0x0
[    8.279713] DMAR: dmar7: reg_base_addr fa7fc000 ver 6:0 cap 9ed008c40780466 ecap 3ef9ea6f050df
[    8.279716] DMAR: DRHD base: 0x000000faffc000 flags: 0x0
[    8.279721] DMAR: dmar8: reg_base_addr faffc000 ver 6:0 cap 9ed008c40780466 ecap 3ef9ea6f050df
[    8.279724] DMAR: DRHD base: 0x000000fb7fc000 flags: 0x0
[    8.279728] DMAR: dmar9: reg_base_addr fb7fc000 ver 6:0 cap 9ed008c40780466 ecap 3ef9ea6f050df
[    8.279731] DMAR: DRHD base: 0x0000009e7fc000 flags: 0x0
[    8.279736] DMAR: dmar10: reg_base_addr 9e7fc000 ver 6:0 cap 9ed008c40780466 ecap 3ee9e86f050df
[    8.279739] DMAR: DRHD base: 0x000000a87fc000 flags: 0x0
[    8.279743] DMAR: dmar11: reg_base_addr a87fc000 ver 6:0 cap 9ed008c40780466 ecap 3ee9e86f050df
[    8.279746] DMAR: DRHD base: 0x000000b0ffc000 flags: 0x0
[    8.279750] DMAR: dmar12: reg_base_addr b0ffc000 ver 6:0 cap 9ed008c40780466 ecap 3ee9e86f050df
[    8.279753] DMAR: DRHD base: 0x000000b97fc000 flags: 0x0
[    8.279758] DMAR: dmar13: reg_base_addr b97fc000 ver 6:0 cap 9ed008c40780466 ecap 3ee9e86f050df
[    8.279761] DMAR: DRHD base: 0x000000c1ffc000 flags: 0x0
[    8.279765] DMAR: dmar14: reg_base_addr c1ffc000 ver 6:0 cap 9ed008c40780466 ecap 3ee9e86f050df
[    8.279768] DMAR: DRHD base: 0x000000c27fc000 flags: 0x0
[    8.279774] DMAR: dmar15: reg_base_addr c27fc000 ver 6:0 cap 9ed008c40780466 ecap 3ef9ea6f050df
[    8.279777] DMAR: DRHD base: 0x000000c2ffc000 flags: 0x0
[    8.279781] DMAR: dmar16: reg_base_addr c2ffc000 ver 6:0 cap 9ed008c40780466 ecap 3ef9ea6f050df
[    8.279784] DMAR: DRHD base: 0x000000c37fc000 flags: 0x0
[    8.279789] DMAR: dmar17: reg_base_addr c37fc000 ver 6:0 cap 9ed008c40780466 ecap 3ef9ea6f050df
[    8.279792] DMAR: DRHD base: 0x000000c3ffc000 flags: 0x0
[    8.279796] DMAR: dmar18: reg_base_addr c3ffc000 ver 6:0 cap 9ed008c40780466 ecap 3ef9ea6f050df
[    8.279799] DMAR: DRHD base: 0x00000095ffc000 flags: 0x1
[    8.279803] DMAR: dmar19: reg_base_addr 95ffc000 ver 6:0 cap 9ed008c40780466 ecap 3ee9e86f050df
[    8.279806] DMAR: RMRR base: 0x0000006fc4e000 end: 0x0000006fc50fff
[    8.279810] DMAR: ATSR flags: 0x0
[    8.279812] DMAR: RHSA base: 0x00000095ffc000 proximity domain: 0x0
[    8.279815] DMAR: RHSA base: 0x0000009e7fc000 proximity domain: 0x0
[    8.279817] DMAR: RHSA base: 0x000000a87fc000 proximity domain: 0x0
[    8.279819] DMAR: RHSA base: 0x000000b0ffc000 proximity domain: 0x0
[    8.279820] DMAR: RHSA base: 0x000000b97fc000 proximity domain: 0x0
[    8.279823] DMAR: RHSA base: 0x000000c1ffc000 proximity domain: 0x0
[    8.279825] DMAR: RHSA base: 0x000000c27fc000 proximity domain: 0x0
[    8.279827] DMAR: RHSA base: 0x000000c2ffc000 proximity domain: 0x0
[    8.279829] DMAR: RHSA base: 0x000000c37fc000 proximity domain: 0x0
[    8.279831] DMAR: RHSA base: 0x000000c3ffc000 proximity domain: 0x0
[    8.279832] DMAR: RHSA base: 0x000000db7fc000 proximity domain: 0x1
[    8.279834] DMAR: RHSA base: 0x000000de7fc000 proximity domain: 0x1
[    8.279836] DMAR: RHSA base: 0x000000e77fc000 proximity domain: 0x1
[    8.279838] DMAR: RHSA base: 0x000000f07fc000 proximity domain: 0x1
[    8.279840] DMAR: RHSA base: 0x000000f97fc000 proximity domain: 0x1
[    8.279842] DMAR: RHSA base: 0x000000d27fc000 proximity domain: 0x1
[    8.279844] DMAR: RHSA base: 0x000000f9ffc000 proximity domain: 0x1
[    8.279846] DMAR: RHSA base: 0x000000fa7fc000 proximity domain: 0x1
[    8.279847] DMAR: RHSA base: 0x000000faffc000 proximity domain: 0x1
[    8.279849] DMAR: RHSA base: 0x000000fb7fc000 proximity domain: 0x1
[    8.279851] DMAR: SATC flags: 0x0
[    8.279855] DMAR-IR: IOAPIC id 8 under DRHD base  0x95ffc000 IOMMU 19
[    8.279858] DMAR-IR: HPET id 0 under DRHD base 0x95ffc000
[    8.279860] DMAR-IR: Queued invalidation will be enabled to support x2apic and Intr-remapping.
[    8.285531] DMAR-IR: Enabled IRQ remapping in x2apic mode
[    8.288732] ..TIMER: vector=0x30 apic1=0 pin1=2 apic2=-1 pin2=-1
[    8.293613] clocksource: tsc-early: mask: 0xffffffffffffffff max_cycles: 0x39a85c9bff6, max_idle_ns: 881590591483 ns
[    8.293623] Calibrating delay loop (skipped), value calculated using timer frequency.. 4000.00 BogoMIPS (lpj=2000000)
[    8.293695] x86/cpu: SGX disabled by BIOS.
[    8.293703] CPU0: Thermal monitoring enabled (TM1)
[    8.293707] x86/cpu: User Mode Instruction Prevention (UMIP) activated
[    8.293944] process: using mwait in idle threads
[    8.293949] Last level iTLB entries: 4KB 0, 2MB 0, 4MB 0
[    8.293951] Last level dTLB entries: 4KB 0, 2MB 0, 4MB 0, 1GB 0
[    8.293958] Spectre V1 : Mitigation: usercopy/swapgs barriers and __user pointer sanitization
[    8.293963] Spectre V2 : Mitigation: Enhanced / Automatic IBRS
[    8.293965] Spectre V2 : Spectre v2 / SpectreRSB mitigation: Filling RSB on context switch
[    8.293968] Spectre V2 : Spectre v2 / PBRSB-eIBRS: Retire a single CALL on VMEXIT
[    8.293971] Spectre V2 : mitigation: Enabling conditional Indirect Branch Prediction Barrier
[    8.293974] Speculative Store Bypass: Mitigation: Speculative Store Bypass disabled via prctl
[    8.293999] x86/fpu: Supporting XSAVE feature 0x001: 'x87 floating point registers'
[    8.294002] x86/fpu: Supporting XSAVE feature 0x002: 'SSE registers'
[    8.294004] x86/fpu: Supporting XSAVE feature 0x004: 'AVX registers'
[    8.294006] x86/fpu: Supporting XSAVE feature 0x020: 'AVX-512 opmask'
[    8.294008] x86/fpu: Supporting XSAVE feature 0x040: 'AVX-512 Hi256'
[    8.294010] x86/fpu: Supporting XSAVE feature 0x080: 'AVX-512 ZMM_Hi256'
[    8.294012] x86/fpu: Supporting XSAVE feature 0x200: 'Protection Keys User registers'
[    8.294014] x86/fpu: Supporting XSAVE feature 0x400: 'PASID state'
[    8.294016] x86/fpu: Supporting XSAVE feature 0x800: 'Control-flow User registers'
[    8.294018] x86/fpu: Supporting XSAVE feature 0x20000: 'AMX Tile config'
[    8.294020] x86/fpu: Supporting XSAVE feature 0x40000: 'AMX Tile data'
[    8.294022] x86/fpu: xstate_offset[2]:  576, xstate_sizes[2]:  256
[    8.294025] x86/fpu: xstate_offset[5]:  832, xstate_sizes[5]:   64
[    8.294027] x86/fpu: xstate_offset[6]:  896, xstate_sizes[6]:  512
[    8.294029] x86/fpu: xstate_offset[7]: 1408, xstate_sizes[7]: 1024
[    8.294031] x86/fpu: xstate_offset[9]: 2432, xstate_sizes[9]:    8
[    8.294033] x86/fpu: xstate_offset[10]: 2440, xstate_sizes[10]:    8
[    8.294035] x86/fpu: xstate_offset[11]: 2448, xstate_sizes[11]:   16
[    8.294037] x86/fpu: xstate_offset[17]: 2496, xstate_sizes[17]:   64
[    8.294039] x86/fpu: xstate_offset[18]: 2560, xstate_sizes[18]: 8192
[    8.294041] x86/fpu: Enabled xstate features 0x60ee7, context size is 10752 bytes, using 'compacted' format.
[    8.317306] Freeing SMP alternatives memory: 48K
[    8.317313] pid_max: default: 212992 minimum: 1664
[    8.320993] LSM: initializing lsm=lockdown,capability,landlock,yama,apparmor,integrity
[    8.321058] landlock: Up and running.
[    8.321059] Yama: becoming mindful.
[    8.321229] AppArmor: AppArmor initialized
[    8.351867] Dentry cache hash table entries: 33554432 (order: 16, 268435456 bytes, vmalloc hugepage)
[    8.366974] Inode-cache hash table entries: 16777216 (order: 15, 134217728 bytes, vmalloc hugepage)
[    8.367569] Mount-cache hash table entries: 524288 (order: 10, 4194304 bytes, vmalloc hugepage)
[    8.368058] Mountpoint-cache hash table entries: 524288 (order: 10, 4194304 bytes, vmalloc hugepage)
[    8.370855] smpboot: CPU0: Intel(R) Xeon(R) Platinum 8470 (family: 0x6, model: 0x8f, stepping: 0x8)
[    8.371257] RCU Tasks: Setting shift to 8 and lim to 1 rcu_task_cb_adjust=1.
[    8.371311] RCU Tasks Rude: Setting shift to 8 and lim to 1 rcu_task_cb_adjust=1.
[    8.371395] RCU Tasks Trace: Setting shift to 8 and lim to 1 rcu_task_cb_adjust=1.
[    8.371431] Performance Events: XSAVE Architectural LBR, PEBS fmt4+-baseline,  AnyThread deprecated, Sapphire Rapids events, 32-deep LBR, full-width counters, Intel PMU driver.
[    8.371498] ... version:                5
[    8.371500] ... bit width:              48
[    8.371501] ... generic registers:      8
[    8.371502] ... value mask:             0000ffffffffffff
[    8.371504] ... max period:             00007fffffffffff
[    8.371506] ... fixed-purpose events:   4
[    8.371507] ... event mask:             0001000f000000ff
[    8.371620] signal: max sigframe size: 11952
[    8.371620] Estimated ratio of average max frequency by base frequency (times 1024): 1638
[    8.371620] rcu: Hierarchical SRCU implementation.
[    8.371620] rcu: 	Max phase no-delay instances is 400.
[    8.382520] NMI watchdog: Enabled. Permanently consumes one hw-PMU counter.
[    8.384506] smp: Bringing up secondary CPUs ...
[    8.384775] smpboot: x86: Booting SMP configuration:
[    8.384777] .... node  #1, CPUs:          #1
[    8.384956] .... node  #0, CPUs:     #2
[    8.385132] .... node  #1, CPUs:     #3
[    8.385329] .... node  #0, CPUs:     #4
[    8.385550] .... node  #1, CPUs:     #5
[    8.385746] .... node  #0, CPUs:     #6
[    8.385948] .... node  #1, CPUs:     #7
[    8.386136] .... node  #0, CPUs:     #8
[    8.386340] .... node  #1, CPUs:     #9
[    8.386539] .... node  #0, CPUs:    #10
[    8.386745] .... node  #1, CPUs:    #11
[    8.386924] .... node  #0, CPUs:    #12
[    8.387123] .... node  #1, CPUs:    #13
[    8.387319] .... node  #0, CPUs:    #14
[    8.387522] .... node  #1, CPUs:    #15
[    8.387725] .... node  #0, CPUs:    #16
[    8.387914] .... node  #1, CPUs:    #17
[    8.388096] .... node  #0, CPUs:    #18
[    8.388297] .... node  #1, CPUs:    #19
[    8.388478] .... node  #0, CPUs:    #20
[    8.388672] .... node  #1, CPUs:    #21
[    8.388848] .... node  #0, CPUs:    #22
[    8.389067] .... node  #1, CPUs:    #23
[    8.389244] .... node  #0, CPUs:    #24
[    8.389441] .... node  #1, CPUs:    #25
[    8.389620] .... node  #0, CPUs:    #26
[    8.389845] .... node  #1, CPUs:    #27
[    8.390035] .... node  #0, CPUs:    #28
[    8.390240] .... node  #1, CPUs:    #29
[    8.390430] .... node  #0, CPUs:    #30
[    8.390636] .... node  #1, CPUs:    #31
[    8.390833] .... node  #0, CPUs:    #32
[    8.391044] .... node  #1, CPUs:    #33
[    8.391226] .... node  #0, CPUs:    #34
[    8.391428] .... node  #1, CPUs:    #35
[    8.391612] .... node  #0, CPUs:    #36
[    8.391827] .... node  #1, CPUs:    #37
[    8.392014] .... node  #0, CPUs:    #38
[    8.392214] .... node  #1, CPUs:    #39
[    8.392403] .... node  #0, CPUs:    #40
[    8.392605] .... node  #1, CPUs:    #41
[    8.392798] .... node  #0, CPUs:    #42
[    8.393007] .... node  #1, CPUs:    #43
[    8.393185] .... node  #0, CPUs:    #44
[    8.393400] .... node  #1, CPUs:    #45
[    8.393584] .... node  #0, CPUs:    #46
[    8.393791] .... node  #1, CPUs:    #47
[    8.393977] .... node  #0, CPUs:    #48
[    8.394170] .... node  #1, CPUs:    #49
[    8.394355] .... node  #0, CPUs:    #50
[    8.394561] .... node  #1, CPUs:    #51
[    8.394744] .... node  #0, CPUs:    #52
[    8.394948] .... node  #1, CPUs:    #53
[    8.395129] .... node  #0, CPUs:    #54
[    8.395329] .... node  #1, CPUs:    #55
[    8.395519] .... node  #0, CPUs:    #56
[    8.395720] .... node  #1, CPUs:    #57
[    8.395906] .... node  #0, CPUs:    #58
[    8.396110] .... node  #1, CPUs:    #59
[    8.396297] .... node  #0, CPUs:    #60
[    8.396508] .... node  #1, CPUs:    #61
[    8.396700] .... node  #0, CPUs:    #62
[    8.396918] .... node  #1, CPUs:    #63
[    8.397108] .... node  #0, CPUs:    #64
[    8.397324] .... node  #1, CPUs:    #65
[    8.397506] .... node  #0, CPUs:    #66
[    8.397716] .... node  #1, CPUs:    #67
[    8.397905] .... node  #0, CPUs:    #68
[    8.398109] .... node  #1, CPUs:    #69
[    8.398302] .... node  #0, CPUs:    #70
[    8.398507] .... node  #1, CPUs:    #71
[    8.398697] .... node  #0, CPUs:    #72
[    8.398909] .... node  #1, CPUs:    #73
[    8.399098] .... node  #0, CPUs:    #74
[    8.399313] .... node  #1, CPUs:    #75
[    8.399530] .... node  #0, CPUs:    #76
[    8.399738] .... node  #1, CPUs:    #77
[    8.399927] .... node  #0, CPUs:    #78
[    8.400142] .... node  #1, CPUs:    #79
[    8.400332] .... node  #0, CPUs:    #80
[    8.400537] .... node  #1, CPUs:    #81
[    8.400730] .... node  #0, CPUs:    #82
[    8.400939] .... node  #1, CPUs:    #83
[    8.401137] .... node  #0, CPUs:    #84
[    8.401357] .... node  #1, CPUs:    #85
[    8.401542] .... node  #0, CPUs:    #86
[    8.401789] .... node  #1, CPUs:    #87
[    8.401980] .... node  #0, CPUs:    #88
[    8.402198] .... node  #1, CPUs:    #89
[    8.402391] .... node  #0, CPUs:    #90
[    8.402607] .... node  #1, CPUs:    #91
[    8.402804] .... node  #0, CPUs:    #92
[    8.403031] .... node  #1, CPUs:    #93
[    8.403222] .... node  #0, CPUs:    #94
[    8.403439] .... node  #1, CPUs:    #95
[    8.403639] .... node  #0, CPUs:    #96
[    8.403855] .... node  #1, CPUs:    #97
[    8.404058] .... node  #0, CPUs:    #98
[    8.404274] .... node  #1, CPUs:    #99
[    8.404474] .... node  #0, CPUs:   #100
[    8.404693] .... node  #1, CPUs:   #101
[    8.404887] .... node  #0, CPUs:   #102
[    8.405117] .... node  #1, CPUs:   #103
[    0.006427] smpboot: CPU 1 Converting physical 0 to logical die 1

[    8.460836] .... node  #0, CPUs:   #104
[    8.461867] .... node  #1, CPUs:   #105
[    8.462066] .... node  #0, CPUs:   #106
[    8.462258] .... node  #1, CPUs:   #107
[    8.462452] .... node  #0, CPUs:   #108
[    8.462643] .... node  #1, CPUs:   #109
[    8.462872] .... node  #0, CPUs:   #110
[    8.463076] .... node  #1, CPUs:   #111
[    8.463283] .... node  #0, CPUs:   #112
[    8.463497] .... node  #1, CPUs:   #113
[    8.463694] .... node  #0, CPUs:   #114
[    8.463905] .... node  #1, CPUs:   #115
[    8.464102] .... node  #0, CPUs:   #116
[    8.464315] .... node  #1, CPUs:   #117
[    8.464515] .... node  #0, CPUs:   #118
[    8.464723] .... node  #1, CPUs:   #119
[    8.464910] .... node  #0, CPUs:   #120
[    8.465116] .... node  #1, CPUs:   #121
[    8.465297] .... node  #0, CPUs:   #122
[    8.465504] .... node  #1, CPUs:   #123
[    8.465701] .... node  #0, CPUs:   #124
[    8.465919] .... node  #1, CPUs:   #125
[    8.466121] .... node  #0, CPUs:   #126
[    8.466331] .... node  #1, CPUs:   #127
[    8.466537] .... node  #0, CPUs:   #128
[    8.466794] .... node  #1, CPUs:   #129
[    8.466998] .... node  #0, CPUs:   #130
[    8.467209] .... node  #1, CPUs:   #131
[    8.467406] .... node  #0, CPUs:   #132
[    8.467632] .... node  #1, CPUs:   #133
[    8.467830] .... node  #0, CPUs:   #134
[    8.468055] .... node  #1, CPUs:   #135
[    8.468260] .... node  #0, CPUs:   #136
[    8.468474] .... node  #1, CPUs:   #137
[    8.468668] .... node  #0, CPUs:   #138
[    8.468881] .... node  #1, CPUs:   #139
[    8.469092] .... node  #0, CPUs:   #140
[    8.469314] .... node  #1, CPUs:   #141
[    8.469519] .... node  #0, CPUs:   #142
[    8.469749] .... node  #1, CPUs:   #143
[    8.469954] .... node  #0, CPUs:   #144
[    8.470177] .... node  #1, CPUs:   #145
[    8.470378] .... node  #0, CPUs:   #146
[    8.470595] .... node  #1, CPUs:   #147
[    8.470840] .... node  #0, CPUs:   #148
[    8.471066] .... node  #1, CPUs:   #149
[    8.471277] .... node  #0, CPUs:   #150
[    8.471495] .... node  #1, CPUs:   #151
[    8.471698] .... node  #0, CPUs:   #152
[    8.471926] .... node  #1, CPUs:   #153
[    8.472138] .... node  #0, CPUs:   #154
[    8.472357] .... node  #1, CPUs:   #155
[    8.472560] .... node  #0, CPUs:   #156
[    8.472777] .... node  #1, CPUs:   #157
[    8.472985] .... node  #0, CPUs:   #158
[    8.473204] .... node  #1, CPUs:   #159
[    8.473411] .... node  #0, CPUs:   #160
[    8.473627] .... node  #1, CPUs:   #161
[    8.473825] .... node  #0, CPUs:   #162
[    8.474045] .... node  #1, CPUs:   #163
[    8.474244] .... node  #0, CPUs:   #164
[    8.474466] .... node  #1, CPUs:   #165
[    8.474675] .... node  #0, CPUs:   #166
[    8.474919] .... node  #1, CPUs:   #167
[    8.475139] .... node  #0, CPUs:   #168
[    8.475344] .... node  #1, CPUs:   #169
[    8.475558] .... node  #0, CPUs:   #170
[    8.475795] .... node  #1, CPUs:   #171
[    8.476003] .... node  #0, CPUs:   #172
[    8.476230] .... node  #1, CPUs:   #173
[    8.476434] .... node  #0, CPUs:   #174
[    8.476657] .... node  #1, CPUs:   #175
[    8.476855] .... node  #0, CPUs:   #176
[    8.477090] .... node  #1, CPUs:   #177
[    8.477301] .... node  #0, CPUs:   #178
[    8.477527] .... node  #1, CPUs:   #179
[    8.477744] .... node  #0, CPUs:   #180
[    8.477974] .... node  #1, CPUs:   #181
[    8.478192] .... node  #0, CPUs:   #182
[    8.478420] .... node  #1, CPUs:   #183
[    8.478648] .... node  #0, CPUs:   #184
[    8.478882] .... node  #1, CPUs:   #185
[    8.479099] .... node  #0, CPUs:   #186
[    8.479321] .... node  #1, CPUs:   #187
[    8.479530] .... node  #0, CPUs:   #188
[    8.479750] .... node  #1, CPUs:   #189
[    8.479964] .... node  #0, CPUs:   #190
[    8.480196] .... node  #1, CPUs:   #191
[    8.480407] .... node  #0, CPUs:   #192
[    8.480634] .... node  #1, CPUs:   #193
[    8.480896] .... node  #0, CPUs:   #194
[    8.481121] .... node  #1, CPUs:   #195
[    8.481328] .... node  #0, CPUs:   #196
[    8.481554] .... node  #1, CPUs:   #197
[    8.481759] .... node  #0, CPUs:   #198
[    8.481976] .... node  #1, CPUs:   #199
[    8.482188] .... node  #0, CPUs:   #200
[    8.482418] .... node  #1, CPUs:   #201
[    8.482614] .... node  #0, CPUs:   #202
[    8.482879] .... node  #1, CPUs:   #203
[    8.483093] .... node  #0, CPUs:   #204
[    8.483337] .... node  #1, CPUs:   #205
[    8.483553] .... node  #0, CPUs:   #206
[    8.483871] .... node  #1, CPUs:   #207
[    8.559819] smp: Brought up 2 nodes, 208 CPUs
[    8.559819] smpboot: Max logical packages: 2
[    8.559819] smpboot: Total of 208 processors activated (832000.00 BogoMIPS)
[    8.643316] devtmpfs: initialized
[    8.643641] x86/mm: Memory block size: 2048MB
[    8.653904] ACPI: PM: Registering ACPI NVS region [mem 0x4dfa1000-0x507a0fff] (41943040 bytes)
[    8.653921] ACPI: PM: Registering ACPI NVS region [mem 0x74dff000-0x771fefff] (37748736 bytes)
[    8.654658] clocksource: jiffies: mask: 0xffffffff max_cycles: 0xffffffff, max_idle_ns: 1911260446275000 ns
[    8.655157] futex hash table entries: 65536 (order: 10, 4194304 bytes, vmalloc hugepage)
[    8.655884] pinctrl core: initialized pinctrl subsystem
[    8.656082] PM: RTC time: 00:51:14, date: 2024-10-06
[    8.657322] NET: Registered PF_NETLINK/PF_ROUTE protocol family
[    8.658031] DMA: preallocated 4096 KiB GFP_KERNEL pool for atomic allocations
[    8.658427] DMA: preallocated 4096 KiB GFP_KERNEL|GFP_DMA pool for atomic allocations
[    8.658829] DMA: preallocated 4096 KiB GFP_KERNEL|GFP_DMA32 pool for atomic allocations
[    8.658842] audit: initializing netlink subsys (disabled)
[    8.658849] audit: type=2000 audit(1728175873.377:1): state=initialized audit_enabled=0 res=1
[    8.658901] thermal_sys: Registered thermal governor 'fair_share'
[    8.658903] thermal_sys: Registered thermal governor 'bang_bang'
[    8.658906] thermal_sys: Registered thermal governor 'step_wise'
[    8.658908] thermal_sys: Registered thermal governor 'user_space'
[    8.658909] thermal_sys: Registered thermal governor 'power_allocator'
[    8.658915] EISA bus registered
[    8.658958] cpuidle: using governor ladder
[    8.658958] cpuidle: using governor menu
[    8.659724] ACPI FADT declares the system doesn't support PCIe ASPM, so disable it
[    8.659733] acpiphp: ACPI Hot Plug PCI Controller Driver version: 0.5
[    8.660123] PCI: ECAM [mem 0x80000000-0x8fffffff] (base 0x80000000) for domain 0000 [bus 00-ff]
[    8.660154] PCI: Using configuration type 1 for base access
[    8.660167] PCI: Dell System detected, enabling pci=bfsort.
[    8.660683] kprobes: kprobe jump-optimization is enabled. All kprobes are optimized if possible.
[    8.661799] HugeTLB: registered 1.00 GiB page size, pre-allocated 0 pages
[    8.661799] HugeTLB: 16380 KiB vmemmap can be freed for a 1.00 GiB page
[    8.661799] HugeTLB: registered 2.00 MiB page size, pre-allocated 0 pages
[    8.661799] HugeTLB: 28 KiB vmemmap can be freed for a 2.00 MiB page
[    8.663761] fbcon: Taking over console
[    8.664083] ACPI: Added _OSI(Module Device)
[    8.664086] ACPI: Added _OSI(Processor Device)
[    8.664088] ACPI: Added _OSI(3.0 _SCP Extensions)
[    8.664089] ACPI: Added _OSI(Processor Aggregator Device)
[    8.768297] ACPI: 7 ACPI AML tables successfully acquired and loaded
[    8.776107] ACPI: Dynamic OEM Table Load:
[    9.070072] ACPI: _OSC evaluated successfully for all CPUs
[    9.071732] ACPI: Interpreter enabled
[    9.071763] ACPI: PM: (supports S0 S5)
[    9.071765] ACPI: Using IOAPIC for interrupt routing
[    9.078521] HEST: Table parsing has been initialized.
[    9.078680] GHES: APEI firmware first mode is enabled by APEI bit and WHEA _OSC.
[    9.078684] PCI: Using host bridge windows from ACPI; if necessary, use "pci=nocrs" and report a bug
[    9.078687] PCI: Ignoring E820 reservations for host bridge windows
[    9.101837] ACPI: Enabled 1 GPEs in block 00 to 7F
[    9.217833] ACPI: PCI Root Bridge [PC00] (domain 0000 [bus 00-14])
[    9.217842] acpi PNP0A08:00: _OSC: OS supports [ExtendedConfig ASPM ClockPM Segments MSI EDR HPX-Type3]
[    9.239620] acpi PNP0A08:00: _OSC: platform does not support [SHPCHotplug AER LTR DPC]
[    9.239804] acpi PNP0A08:00: _OSC: OS now controls [PCIeHotplug PME PCIeCapability]
[    9.239806] acpi PNP0A08:00: FADT indicates ASPM is unsupported, using BIOS configuration
[    9.240510] PCI host bridge to bus 0000:00
[    9.240512] pci_bus 0000:00: root bus resource [io  0x0000-0x0cf7 window]
[    9.240515] pci_bus 0000:00: root bus resource [io  0x1000-0x3fff window]
[    9.240517] pci_bus 0000:00: root bus resource [mem 0x000a0000-0x000bffff window]
[    9.240519] pci_bus 0000:00: root bus resource [mem 0x000c8000-0x000cffff window]
[    9.240521] pci_bus 0000:00: root bus resource [mem 0xfe010000-0xfe010fff window]
[    9.240523] pci_bus 0000:00: root bus resource [mem 0x90040000-0x95ffffff window]
[    9.240525] pci_bus 0000:00: root bus resource [mem 0x200000000000-0x20ffffffffff window]
[    9.240528] pci_bus 0000:00: root bus resource [bus 00-14]
[    9.240546] pci 0000:00:00.0: [8086:09a2] type 00 class 0x088000 PCIe Root Complex Integrated Endpoint
[    9.240647] pci 0000:00:00.1: [8086:09a4] type 00 class 0x088000 PCIe Root Complex Integrated Endpoint
[    9.240720] pci 0000:00:00.2: [8086:09a3] type 00 class 0x088000 PCIe Root Complex Integrated Endpoint
[    9.240793] pci 0000:00:00.4: [8086:0b23] type 00 class 0x080700 PCIe Root Complex Event Collector
[    9.240934] pci 0000:00:0a.0: [8086:1bba] type 01 class 0x060400 PCIe Root Port
[    9.240952] pci 0000:00:0a.0: BAR 0 [mem 0x20fffff40000-0x20fffff5ffff 64bit]
[    9.240962] pci 0000:00:0a.0: PCI bridge to [bus 01]
[    9.240968] pci 0000:00:0a.0:   bridge window [mem 0x95a00000-0x95afffff]
[    9.240987] pci 0000:00:0a.0: enabling Extended Tags
[    9.241054] pci 0000:00:0a.0: PME# supported from D0 D3hot D3cold
[    9.241094] pci 0000:00:0a.0: PTM enabled (root), 2ns granularity
[    9.241633] pci 0000:00:0c.0: [8086:1bbc] type 01 class 0x060400 PCIe Root Port
[    9.241652] pci 0000:00:0c.0: BAR 0 [mem 0x20fffff20000-0x20fffff3ffff 64bit]
[    9.241661] pci 0000:00:0c.0: PCI bridge to [bus 02]
[    9.241676] pci 0000:00:0c.0:   bridge window [mem 0x95900000-0x959fffff 64bit pref]
[    9.241687] pci 0000:00:0c.0: enabling Extended Tags
[    9.241757] pci 0000:00:0c.0: PME# supported from D0 D3hot D3cold
[    9.241798] pci 0000:00:0c.0: PTM enabled (root), 2ns granularity
[    9.242332] pci 0000:00:0e.0: [8086:1bbe] type 01 class 0x060400 PCIe Root Port
[    9.242350] pci 0000:00:0e.0: BAR 0 [mem 0x20fffff00000-0x20fffff1ffff 64bit]
[    9.242360] pci 0000:00:0e.0: PCI bridge to [bus 03-04]
[    9.242366] pci 0000:00:0e.0:   bridge window [mem 0x95000000-0x958fffff]
[    9.242376] pci 0000:00:0e.0:   bridge window [mem 0x94000000-0x94ffffff 64bit pref]
[    9.242387] pci 0000:00:0e.0: enabling Extended Tags
[    9.242457] pci 0000:00:0e.0: PME# supported from D0 D3hot D3cold
[    9.242497] pci 0000:00:0e.0: PTM enabled (root), 2ns granularity
[    9.243014] pci 0000:00:14.0: [8086:1bcd] type 00 class 0x0c0330 conventional PCI endpoint
[    9.243033] pci 0000:00:14.0: BAR 0 [mem 0x95b40000-0x95b4ffff 64bit]
[    9.243107] pci 0000:00:14.0: PME# supported from D3hot D3cold
[    9.243312] pci 0000:00:14.2: [8086:1bce] type 00 class 0x050000 conventional PCI endpoint
[    9.243335] pci 0000:00:14.2: BAR 0 [mem 0x20fffff60000-0x20fffff63fff 64bit]
[    9.243351] pci 0000:00:14.2: BAR 2 [mem 0x20fffff67000-0x20fffff67fff 64bit]
[    9.243469] pci 0000:00:14.4: [8086:1bfe] type 00 class 0x060000 PCIe Root Complex Integrated Endpoint
[    9.243658] pci 0000:00:15.0: [8086:1bff] type 00 class 0x088000 PCIe Root Complex Integrated Endpoint
[    9.243684] pci 0000:00:15.0: BAR 0 [mem 0x20fffff66000-0x20fffff663ff 64bit]
[    9.243891] pci 0000:00:16.0: [8086:1be0] type 00 class 0x078000 conventional PCI endpoint
[    9.243917] pci 0000:00:16.0: BAR 0 [mem 0x20fffff65000-0x20fffff65fff 64bit]
[    9.244010] pci 0000:00:16.0: PME# supported from D3hot
[    9.244103] pci 0000:00:18.0: [8086:1bf2] type 00 class 0x010601 conventional PCI endpoint
[    9.244121] pci 0000:00:18.0: BAR 0 [mem 0x95b52000-0x95b53fff]
[    9.244131] pci 0000:00:18.0: BAR 1 [mem 0x95b58000-0x95b580ff]
[    9.244141] pci 0000:00:18.0: BAR 2 [io  0x1068-0x106f]
[    9.244152] pci 0000:00:18.0: BAR 3 [io  0x1074-0x1077]
[    9.244162] pci 0000:00:18.0: BAR 4 [io  0x1040-0x105f]
[    9.244172] pci 0000:00:18.0: BAR 5 [mem 0x95b56000-0x95b567ff]
[    9.244220] pci 0000:00:18.0: PME# supported from D3hot
[    9.244519] pci 0000:00:19.0: [8086:1bd2] type 00 class 0x010601 conventional PCI endpoint
[    9.244537] pci 0000:00:19.0: BAR 0 [mem 0x95b50000-0x95b51fff]
[    9.244547] pci 0000:00:19.0: BAR 1 [mem 0x95b57000-0x95b570ff]
[    9.244557] pci 0000:00:19.0: BAR 2 [io  0x1060-0x1067]
[    9.244568] pci 0000:00:19.0: BAR 3 [io  0x1070-0x1073]
[    9.244578] pci 0000:00:19.0: BAR 4 [io  0x1020-0x103f]
[    9.244588] pci 0000:00:19.0: BAR 5 [mem 0x95b55000-0x95b557ff]
[    9.244635] pci 0000:00:19.0: PME# supported from D3hot
[    9.244949] pci 0000:00:1f.0: [8086:1b81] type 00 class 0x060100 conventional PCI endpoint
[    9.245141] pci 0000:00:1f.4: [8086:1bc9] type 00 class 0x0c0500 conventional PCI endpoint
[    9.245166] pci 0000:00:1f.4: BAR 0 [mem 0x20fffff64000-0x20fffff640ff 64bit]
[    9.245196] pci 0000:00:1f.4: BAR 4 [io  0x1000-0x101f]
[    9.245321] pci 0000:00:1f.5: [8086:1bca] type 00 class 0x0c8000 conventional PCI endpoint
[    9.245341] pci 0000:00:1f.5: BAR 0 [mem 0xfe010000-0xfe010fff]
[    9.245352] pci 0000:00:1f.5: BAR 1 [mem 0x92000000-0x93ffffff]
[    9.245530] pci 0000:01:00.0: [1b4b:2241] type 00 class 0x010802 PCIe Endpoint
[    9.245553] pci 0000:01:00.0: BAR 0 [mem 0x95a00000-0x95a07fff 64bit]
[    9.245598] pci 0000:01:00.0: ROM [mem 0xfffe0000-0xffffffff pref]
[    9.245703] pci 0000:01:00.0: supports D1 D2
[    9.245704] pci 0000:01:00.0: PME# supported from D0 D1 D3hot D3cold
[    9.245814] pci 0000:01:00.0: 31.504 Gb/s available PCIe bandwidth, limited by 8.0 GT/s PCIe x4 link at 0000:00:0a.0 (capable of 63.008 Gb/s with 8.0 GT/s PCIe x8 link)
[    9.245953] pci 0000:00:0a.0: PCI bridge to [bus 01]
[    9.246042] pci 0000:02:00.0: [14e4:165f] type 00 class 0x020000 PCIe Endpoint
[    9.246069] pci 0000:02:00.0: BAR 0 [mem 0x95930000-0x9593ffff 64bit pref]
[    9.246087] pci 0000:02:00.0: BAR 2 [mem 0x95940000-0x9594ffff 64bit pref]
[    9.246105] pci 0000:02:00.0: BAR 4 [mem 0x95950000-0x9595ffff 64bit pref]
[    9.246117] pci 0000:02:00.0: ROM [mem 0xfffc0000-0xffffffff pref]
[    9.246224] pci 0000:02:00.0: PME# supported from D0 D3hot D3cold
[    9.246291] pci 0000:02:00.0: 4.000 Gb/s available PCIe bandwidth, limited by 5.0 GT/s PCIe x1 link at 0000:00:0c.0 (capable of 8.000 Gb/s with 5.0 GT/s PCIe x2 link)
[    9.246802] pci 0000:02:00.1: [14e4:165f] type 00 class 0x020000 PCIe Endpoint
[    9.246829] pci 0000:02:00.1: BAR 0 [mem 0x95900000-0x9590ffff 64bit pref]
[    9.246847] pci 0000:02:00.1: BAR 2 [mem 0x95910000-0x9591ffff 64bit pref]
[    9.246865] pci 0000:02:00.1: BAR 4 [mem 0x95920000-0x9592ffff 64bit pref]
[    9.246877] pci 0000:02:00.1: ROM [mem 0xfffc0000-0xffffffff pref]
[    9.246985] pci 0000:02:00.1: PME# supported from D0 D3hot D3cold
[    9.247503] pci 0000:00:0c.0: PCI bridge to [bus 02]
[    9.247576] pci 0000:03:00.0: [1556:be00] type 01 class 0x060400 PCIe to PCI/PCI-X bridge
[    9.247616] pci 0000:03:00.0: PCI bridge to [bus 04]
[    9.247626] pci 0000:03:00.0:   bridge window [mem 0x95000000-0x958fffff]
[    9.247640] pci 0000:03:00.0:   bridge window [mem 0x94000000-0x94ffffff 64bit pref]
[    9.247822] pci 0000:00:0e.0: PCI bridge to [bus 03-04]
[    9.247864] pci_bus 0000:04: extended config space not accessible
[    9.247894] pci 0000:04:00.0: [102b:0536] type 00 class 0x030000 conventional PCI endpoint
[    9.247916] pci 0000:04:00.0: BAR 0 [mem 0x94000000-0x94ffffff pref]
[    9.247930] pci 0000:04:00.0: BAR 1 [mem 0x95808000-0x9580bfff]
[    9.247942] pci 0000:04:00.0: BAR 2 [mem 0x95000000-0x957fffff]
[    9.247998] pci 0000:04:00.0: Video device with shadowed ROM at [mem 0x000c0000-0x000dffff]
[    9.248119] pci 0000:03:00.0: PCI bridge to [bus 04]
[    9.248162] pci_bus 0000:00: on NUMA node 0
[    9.248541] ACPI: PCI Root Bridge [PC01] (domain 0000 [bus 15-25])
[    9.248546] acpi PNP0A08:01: _OSC: OS supports [ExtendedConfig ASPM ClockPM Segments MSI EDR HPX-Type3]
[    9.257335] acpi PNP0A08:01: _OSC: platform does not support [SHPCHotplug AER DPC]
[    9.257504] acpi PNP0A08:01: _OSC: OS now controls [PCIeHotplug PME PCIeCapability LTR]
[    9.257507] acpi PNP0A08:01: FADT indicates ASPM is unsupported, using BIOS configuration
[    9.257594] PCI host bridge to bus 0000:15
[    9.257596] pci_bus 0000:15: root bus resource [io  0x4000-0x5fff window]
[    9.257599] pci_bus 0000:15: root bus resource [mem 0x96000000-0x9e7fffff window]
[    9.257601] pci_bus 0000:15: root bus resource [mem 0x210000000000-0x21ffffffffff window]
[    9.257603] pci_bus 0000:15: root bus resource [bus 15-25]
[    9.257617] pci 0000:15:00.0: [8086:09a2] type 00 class 0x088000 PCIe Root Complex Integrated Endpoint
[    9.257691] pci 0000:15:00.1: [8086:09a4] type 00 class 0x088000 PCIe Root Complex Integrated Endpoint
[    9.257762] pci 0000:15:00.2: [8086:09a3] type 00 class 0x088000 PCIe Root Complex Integrated Endpoint
[    9.257833] pci 0000:15:00.4: [8086:0b23] type 00 class 0x080700 PCIe Root Complex Event Collector
[    9.257938] pci 0000:15:01.0: [8086:352a] type 01 class 0x060400 PCIe Root Port
[    9.257950] pci 0000:15:01.0: BAR 0 [mem 0x21c002200000-0x21c00221ffff 64bit]
[    9.257956] pci 0000:15:01.0: PCI bridge to [bus 16-1e]
[    9.257961] pci 0000:15:01.0:   bridge window [mem 0x96000000-0x964fffff]
[    9.257967] pci 0000:15:01.0:   bridge window [mem 0x214000000000-0x21c0021fffff 64bit pref]
[    9.257974] pci 0000:15:01.0: enabling Extended Tags
[    9.258018] pci 0000:15:01.0: PME# supported from D0 D3hot D3cold
[    9.258043] pci 0000:15:01.0: PTM enabled (root), 2ns granularity
[    9.318687] pci 0000:16:00.0: [1000:c030] type 01 class 0x060400 PCIe Switch Upstream Port
[    9.318849] pci 0000:16:00.0: PCI bridge to [bus 17-1e]
[    9.318891] pci 0000:16:00.0:   bridge window [mem 0x96000000-0x964fffff]
[    9.318945] pci 0000:16:00.0:   bridge window [mem 0x214000000000-0x21c0021fffff 64bit pref]
[    9.320029] pci 0000:16:00.0: PME# supported from D0 D3hot D3cold
[    9.321677] pci 0000:15:01.0: PCI bridge to [bus 16-1e]
[    9.321948] pci 0000:17:00.0: [1000:c030] type 01 class 0x060400 PCIe Switch Downstream Port
[    9.322109] pci 0000:17:00.0: PCI bridge to [bus 18]
[    9.322152] pci 0000:17:00.0:   bridge window [mem 0x96400000-0x964fffff]
[    9.323126] pci 0000:17:00.0: PME# supported from D0 D3hot D3cold
[    9.325622] pci 0000:17:01.0: [1000:c030] type 01 class 0x060400 PCIe Switch Downstream Port
[    9.325772] pci 0000:17:01.0: PCI bridge to [bus 19-1b]
[    9.325815] pci 0000:17:01.0:   bridge window [mem 0x96000000-0x963fffff]
[    9.325869] pci 0000:17:01.0:   bridge window [mem 0x214000000000-0x21c0003fffff 64bit pref]
[    9.326767] pci 0000:17:01.0: PME# supported from D0 D3hot D3cold
[    9.327847] pci 0000:17:02.0: [1000:c030] type 01 class 0x060400 PCIe Switch Downstream Port
[    9.328009] pci 0000:17:02.0: PCI bridge to [bus 1c]
[    9.328102] pci 0000:17:02.0:   bridge window [mem 0x21c001000000-0x21c0020fffff 64bit pref]
[    9.330464] pci 0000:17:02.0: PME# supported from D0 D3hot D3cold
[    9.331489] pci 0000:17:03.0: [1000:c030] type 01 class 0x060400 PCIe Switch Downstream Port
[    9.331634] pci 0000:17:03.0: PCI bridge to [bus 1d]
[    9.334122] pci 0000:17:03.0: PME# supported from D0 D3hot D3cold
[    9.335284] pci 0000:17:1f.0: [1000:c030] type 01 class 0x060400 PCIe Switch Downstream Port
[    9.335437] pci 0000:17:1f.0: PCI bridge to [bus 1e]
[    9.335534] pci 0000:17:1f.0:   bridge window [mem 0x21c002100000-0x21c0021fffff 64bit pref]
[    9.337898] pci 0000:17:1f.0: PME# supported from D0 D3hot D3cold
[    9.338381] pci 0000:16:00.0: PCI bridge to [bus 17-1e]
[    9.338775] pci 0000:18:00.0: [144d:a825] type 00 class 0x010802 PCIe Endpoint
[    9.338955] pci 0000:18:00.0: BAR 0 [mem 0x96400000-0x96407fff 64bit]
[    9.339351] pci 0000:18:00.0: enabling Extended Tags
[    9.343704] pci 0000:17:00.0: PCI bridge to [bus 18]
[    9.344025] pci 0000:19:00.0: [1022:1500] type 01 class 0x060400 PCIe Switch Upstream Port
[    9.344274] pci 0000:19:00.0: PCI bridge to [bus 1a-1b]
[    9.344317] pci 0000:19:00.0:   bridge window [mem 0x96000000-0x963fffff]
[    9.344371] pci 0000:19:00.0:   bridge window [mem 0x214000000000-0x21c0003fffff 64bit pref]
[    9.345360] pci 0000:19:00.0: PME# supported from D0 D3hot D3cold
[    9.347842] pci 0000:17:01.0: PCI bridge to [bus 19-1b]
[    9.348151] pci 0000:1a:00.0: [1002:1501] type 01 class 0x060400 PCIe Switch Downstream Port
[    9.348405] pci 0000:1a:00.0: PCI bridge to [bus 1b]
[    9.348449] pci 0000:1a:00.0:   bridge window [mem 0x96000000-0x963fffff]
[    9.348502] pci 0000:1a:00.0:   bridge window [mem 0x214000000000-0x21c0003fffff 64bit pref]
[    9.349592] pci 0000:1a:00.0: PME# supported from D0 D3hot D3cold
[    9.351775] pci 0000:19:00.0: PCI bridge to [bus 1a-1b]
[    9.352191] pci 0000:1b:00.0: [1002:74a1] type 00 class 0x120000 PCIe Endpoint
[    9.352370] pci 0000:1b:00.0: BAR 0 [mem 0x218000000000-0x21bfffffffff 64bit pref]
[    9.352492] pci 0000:1b:00.0: BAR 2 [mem 0x21c000200000-0x21c0003fffff 64bit pref]
[    9.352622] pci 0000:1b:00.0: BAR 5 [mem 0x96200000-0x963fffff]
[    9.352700] pci 0000:1b:00.0: ROM [mem 0xfffe0000-0xffffffff pref]
[    9.352770] pci 0000:1b:00.0: enabling Extended Tags
[    9.354601] pci 0000:1b:00.0: PME# supported from D1 D2 D3hot D3cold
[    9.354992] pci 0000:1b:00.0: VF BAR 0 [mem 0x214000000000-0x217fffffffff 64bit pref]
[    9.354994] pci 0000:1b:00.0: VF BAR 0 [mem 0x214000000000-0x217fffffffff 64bit pref]: contains BAR 0 for 1 VFs
[    9.355068] pci 0000:1b:00.0: VF BAR 2 [mem 0x21c000000000-0x21c0001fffff 64bit pref]
[    9.355070] pci 0000:1b:00.0: VF BAR 2 [mem 0x21c000000000-0x21c0001fffff 64bit pref]: contains BAR 2 for 1 VFs
[    9.355177] pci 0000:1b:00.0: VF BAR 5 [mem 0x96000000-0x961fffff]
[    9.355179] pci 0000:1b:00.0: VF BAR 5 [mem 0x96000000-0x961fffff]: contains BAR 5 for 1 VFs
[    9.358597] pci 0000:1a:00.0: PCI bridge to [bus 1b]
[    9.359071] pci 0000:1c:00.0: [14e4:1760] type 00 class 0x020000 PCIe Endpoint
[    9.359232] pci 0000:1c:00.0: BAR 0 [mem 0x21c002000000-0x21c00200ffff 64bit pref]
[    9.359336] pci 0000:1c:00.0: BAR 2 [mem 0x21c001000000-0x21c001ffffff 64bit pref]
[    9.359444] pci 0000:1c:00.0: BAR 4 [mem 0x21c002010000-0x21c002017fff 64bit pref]
[    9.359513] pci 0000:1c:00.0: ROM [mem 0xfffc0000-0xffffffff pref]
[    9.359573] pci 0000:1c:00.0: enabling Extended Tags
[    9.361364] pci 0000:1c:00.0: PME# supported from D0 D3hot
[    9.364924] pci 0000:17:02.0: PCI bridge to [bus 1c]
[    9.365159] pci 0000:17:03.0: PCI bridge to [bus 1d]
[    9.365458] pci 0000:1e:00.0: [1000:00b2] type 00 class 0x010700 PCIe Endpoint
[    9.365566] pci 0000:1e:00.0: BAR 0 [mem 0x21c002100000-0x21c002103fff 64bit pref]
[    9.365815] pci 0000:1e:00.0: enabling Extended Tags
[    9.366433] pci 0000:1e:00.0: PME# supported from D0 D3hot D3cold
[    9.366729] pci 0000:17:1f.0: PCI bridge to [bus 1e]
[    9.368681] pci_bus 0000:15: on NUMA node 0
[    9.368759] ACPI: PCI Root Bridge [PC02] (domain 0000 [bus 26-36])
[    9.368763] acpi PNP0A08:02: _OSC: OS supports [ExtendedConfig ASPM ClockPM Segments MSI EDR HPX-Type3]
[    9.377566] acpi PNP0A08:02: _OSC: platform does not support [SHPCHotplug AER DPC]
[    9.377738] acpi PNP0A08:02: _OSC: OS now controls [PCIeHotplug PME PCIeCapability LTR]
[    9.377740] acpi PNP0A08:02: FADT indicates ASPM is unsupported, using BIOS configuration
[    9.377829] PCI host bridge to bus 0000:26
[    9.377831] pci_bus 0000:26: root bus resource [io  0x6000-0x6fff window]
[    9.377834] pci_bus 0000:26: root bus resource [mem 0x9e800000-0xa87fffff window]
[    9.377836] pci_bus 0000:26: root bus resource [mem 0x220000000000-0x22ffffffffff window]
[    9.377838] pci_bus 0000:26: root bus resource [bus 26-36]
[    9.377849] pci 0000:26:00.0: [8086:09a2] type 00 class 0x088000 PCIe Root Complex Integrated Endpoint
[    9.377924] pci 0000:26:00.1: [8086:09a4] type 00 class 0x088000 PCIe Root Complex Integrated Endpoint
[    9.377995] pci 0000:26:00.2: [8086:09a3] type 00 class 0x088000 PCIe Root Complex Integrated Endpoint
[    9.378069] pci 0000:26:00.4: [8086:0b23] type 00 class 0x080700 PCIe Root Complex Event Collector
[    9.378177] pci 0000:26:05.0: [8086:352c] type 01 class 0x060400 PCIe Root Port
[    9.378189] pci 0000:26:05.0: BAR 0 [mem 0x22fffff00000-0x22fffff1ffff 64bit]
[    9.378196] pci 0000:26:05.0: PCI bridge to [bus 27]
[    9.378205] pci 0000:26:05.0:   bridge window [mem 0x9f000000-0xa30fffff 64bit pref]
[    9.378253] pci 0000:26:05.0: PME# supported from D0 D3hot D3cold
[    9.378277] pci 0000:26:05.0: PTM enabled (root), 2ns granularity
[    9.379331] pci 0000:27:00.0: [14e4:1751] type 00 class 0x020000 PCIe Endpoint
[    9.379345] pci 0000:27:00.0: BAR 0 [mem 0xa3030000-0xa303ffff 64bit pref]
[    9.379354] pci 0000:27:00.0: BAR 2 [mem 0xa2000000-0xa2ffffff 64bit pref]
[    9.379363] pci 0000:27:00.0: BAR 4 [mem 0xa3058000-0xa305ffff 64bit pref]
[    9.379370] pci 0000:27:00.0: ROM [mem 0xfffc0000-0xffffffff pref]
[    9.379754] pci 0000:27:00.0: PME# supported from D0 D3hot D3cold
[    9.379812] pci 0000:27:00.0: 126.024 Gb/s available PCIe bandwidth, limited by 16.0 GT/s PCIe x8 link at 0000:26:05.0 (capable of 252.048 Gb/s with 16.0 GT/s PCIe x16 link)
[    9.380254] pci 0000:27:00.1: [14e4:1751] type 00 class 0x020000 PCIe Endpoint
[    9.380268] pci 0000:27:00.1: BAR 0 [mem 0xa3020000-0xa302ffff 64bit pref]
[    9.380277] pci 0000:27:00.1: BAR 2 [mem 0xa1000000-0xa1ffffff 64bit pref]
[    9.380286] pci 0000:27:00.1: BAR 4 [mem 0xa3050000-0xa3057fff 64bit pref]
[    9.380292] pci 0000:27:00.1: ROM [mem 0xfffc0000-0xffffffff pref]
[    9.380518] pci 0000:27:00.1: PME# supported from D0 D3hot D3cold
[    9.380962] pci 0000:27:00.2: [14e4:1751] type 00 class 0x020000 PCIe Endpoint
[    9.380975] pci 0000:27:00.2: BAR 0 [mem 0xa3010000-0xa301ffff 64bit pref]
[    9.380985] pci 0000:27:00.2: BAR 2 [mem 0xa0000000-0xa0ffffff 64bit pref]
[    9.380993] pci 0000:27:00.2: BAR 4 [mem 0xa3048000-0xa304ffff 64bit pref]
[    9.381000] pci 0000:27:00.2: ROM [mem 0xfffc0000-0xffffffff pref]
[    9.381218] pci 0000:27:00.2: PME# supported from D0 D3hot D3cold
[    9.381658] pci 0000:27:00.3: [14e4:1751] type 00 class 0x020000 PCIe Endpoint
[    9.381671] pci 0000:27:00.3: BAR 0 [mem 0xa3000000-0xa300ffff 64bit pref]
[    9.381680] pci 0000:27:00.3: BAR 2 [mem 0x9f000000-0x9fffffff 64bit pref]
[    9.381689] pci 0000:27:00.3: BAR 4 [mem 0xa3040000-0xa3047fff 64bit pref]
[    9.381695] pci 0000:27:00.3: ROM [mem 0xfffc0000-0xffffffff pref]
[    9.381914] pci 0000:27:00.3: PME# supported from D0 D3hot D3cold
[    9.382349] pci 0000:26:05.0: PCI bridge to [bus 27]
[    9.382360] pci_bus 0000:26: on NUMA node 0
[    9.382422] ACPI: PCI Root Bridge [PC03] (domain 0000 [bus 37-47])
[    9.382425] acpi PNP0A08:03: _OSC: OS supports [ExtendedConfig ASPM ClockPM Segments MSI EDR HPX-Type3]
[    9.391229] acpi PNP0A08:03: _OSC: platform does not support [SHPCHotplug AER DPC]
[    9.391400] acpi PNP0A08:03: _OSC: OS now controls [PCIeHotplug PME PCIeCapability LTR]
[    9.391402] acpi PNP0A08:03: FADT indicates ASPM is unsupported, using BIOS configuration
[    9.391489] PCI host bridge to bus 0000:37
[    9.391491] pci_bus 0000:37: root bus resource [io  0x7000-0x7fff window]
[    9.391493] pci_bus 0000:37: root bus resource [mem 0xa8800000-0xb0ffffff window]
[    9.391495] pci_bus 0000:37: root bus resource [mem 0x230000000000-0x23ffffffffff window]
[    9.391497] pci_bus 0000:37: root bus resource [bus 37-47]
[    9.391508] pci 0000:37:00.0: [8086:09a2] type 00 class 0x088000 PCIe Root Complex Integrated Endpoint
[    9.391583] pci 0000:37:00.1: [8086:09a4] type 00 class 0x088000 PCIe Root Complex Integrated Endpoint
[    9.391655] pci 0000:37:00.2: [8086:09a3] type 00 class 0x088000 PCIe Root Complex Integrated Endpoint
[    9.391727] pci 0000:37:00.4: [8086:0b23] type 00 class 0x080700 PCIe Root Complex Event Collector
[    9.391835] pci 0000:37:01.0: [8086:352a] type 01 class 0x060400 PCIe Root Port
[    9.391847] pci 0000:37:01.0: BAR 0 [mem 0x23c002200000-0x23c00221ffff 64bit]
[    9.391853] pci 0000:37:01.0: PCI bridge to [bus 38-3f]
[    9.391857] pci 0000:37:01.0:   bridge window [mem 0xa8800000-0xa8cfffff]
[    9.391864] pci 0000:37:01.0:   bridge window [mem 0x234000000000-0x23c0021fffff 64bit pref]
[    9.391871] pci 0000:37:01.0: enabling Extended Tags
[    9.391916] pci 0000:37:01.0: PME# supported from D0 D3hot D3cold
[    9.391940] pci 0000:37:01.0: PTM enabled (root), 2ns granularity
[    9.445294] pci 0000:38:00.0: [1000:c030] type 01 class 0x060400 PCIe Switch Upstream Port
[    9.445461] pci 0000:38:00.0: PCI bridge to [bus 39-3f]
[    9.445504] pci 0000:38:00.0:   bridge window [mem 0xa8800000-0xa8cfffff]
[    9.445558] pci 0000:38:00.0:   bridge window [mem 0x234000000000-0x23c0021fffff 64bit pref]
[    9.446563] pci 0000:38:00.0: PME# supported from D0 D3hot D3cold
[    9.449951] pci 0000:37:01.0: PCI bridge to [bus 38-3f]
[    9.450209] pci 0000:39:00.0: [1000:c030] type 01 class 0x060400 PCIe Switch Downstream Port
[    9.450358] pci 0000:39:00.0: PCI bridge to [bus 3a]
[    9.450401] pci 0000:39:00.0:   bridge window [mem 0xa8c00000-0xa8cfffff]
[    9.451369] pci 0000:39:00.0: PME# supported from D0 D3hot D3cold
[    9.453898] pci 0000:39:01.0: [1000:c030] type 01 class 0x060400 PCIe Switch Downstream Port
[    9.454063] pci 0000:39:01.0: PCI bridge to [bus 3b-3d]
[    9.454105] pci 0000:39:01.0:   bridge window [mem 0xa8800000-0xa8bfffff]
[    9.454159] pci 0000:39:01.0:   bridge window [mem 0x234000000000-0x23c0003fffff 64bit pref]
[    9.455069] pci 0000:39:01.0: PME# supported from D0 D3hot D3cold
[    9.457652] pci 0000:39:02.0: [1000:c030] type 01 class 0x060400 PCIe Switch Downstream Port
[    9.457805] pci 0000:39:02.0: PCI bridge to [bus 3e]
[    9.457900] pci 0000:39:02.0:   bridge window [mem 0x23c001000000-0x23c0020fffff 64bit pref]
[    9.458806] pci 0000:39:02.0: PME# supported from D0 D3hot D3cold
[    9.459978] pci 0000:39:1f.0: [1000:c030] type 01 class 0x060400 PCIe Switch Downstream Port
[    9.461652] pci 0000:39:1f.0: PCI bridge to [bus 3f]
[    9.461747] pci 0000:39:1f.0:   bridge window [mem 0x23c002100000-0x23c0021fffff 64bit pref]
[    9.462577] pci 0000:39:1f.0: PME# supported from D0 D3hot D3cold
[    9.463051] pci 0000:38:00.0: PCI bridge to [bus 39-3f]
[    9.463456] pci 0000:3a:00.0: [144d:a825] type 00 class 0x010802 PCIe Endpoint
[    9.463633] pci 0000:3a:00.0: BAR 0 [mem 0xa8c00000-0xa8c07fff 64bit]
[    9.464035] pci 0000:3a:00.0: enabling Extended Tags
[    9.468912] pci 0000:39:00.0: PCI bridge to [bus 3a]
[    9.469231] pci 0000:3b:00.0: [1022:1500] type 01 class 0x060400 PCIe Switch Upstream Port
[    9.469499] pci 0000:3b:00.0: PCI bridge to [bus 3c-3d]
[    9.469541] pci 0000:3b:00.0:   bridge window [mem 0xa8800000-0xa8bfffff]
[    9.469596] pci 0000:3b:00.0:   bridge window [mem 0x234000000000-0x23c0003fffff 64bit pref]
[    9.470578] pci 0000:3b:00.0: PME# supported from D0 D3hot D3cold
[    9.473219] pci 0000:39:01.0: PCI bridge to [bus 3b-3d]
[    9.473536] pci 0000:3c:00.0: [1002:1501] type 01 class 0x060400 PCIe Switch Downstream Port
[    9.473803] pci 0000:3c:00.0: PCI bridge to [bus 3d]
[    9.473847] pci 0000:3c:00.0:   bridge window [mem 0xa8800000-0xa8bfffff]
[    9.473902] pci 0000:3c:00.0:   bridge window [mem 0x234000000000-0x23c0003fffff 64bit pref]
[    9.474982] pci 0000:3c:00.0: PME# supported from D0 D3hot D3cold
[    9.477148] pci 0000:3b:00.0: PCI bridge to [bus 3c-3d]
[    9.477565] pci 0000:3d:00.0: [1002:74a1] type 00 class 0x120000 PCIe Endpoint
[    9.477741] pci 0000:3d:00.0: BAR 0 [mem 0x238000000000-0x23bfffffffff 64bit pref]
[    9.477862] pci 0000:3d:00.0: BAR 2 [mem 0x23c000200000-0x23c0003fffff 64bit pref]
[    9.477999] pci 0000:3d:00.0: BAR 5 [mem 0xa8a00000-0xa8bfffff]
[    9.478077] pci 0000:3d:00.0: ROM [mem 0xfffe0000-0xffffffff pref]
[    9.478147] pci 0000:3d:00.0: enabling Extended Tags
[    9.479969] pci 0000:3d:00.0: PME# supported from D1 D2 D3hot D3cold
[    9.480365] pci 0000:3d:00.0: VF BAR 0 [mem 0x234000000000-0x237fffffffff 64bit pref]
[    9.480367] pci 0000:3d:00.0: VF BAR 0 [mem 0x234000000000-0x237fffffffff 64bit pref]: contains BAR 0 for 1 VFs
[    9.480444] pci 0000:3d:00.0: VF BAR 2 [mem 0x23c000000000-0x23c0001fffff 64bit pref]
[    9.480446] pci 0000:3d:00.0: VF BAR 2 [mem 0x23c000000000-0x23c0001fffff 64bit pref]: contains BAR 2 for 1 VFs
[    9.481697] pci 0000:3d:00.0: VF BAR 5 [mem 0xa8800000-0xa89fffff]
[    9.481699] pci 0000:3d:00.0: VF BAR 5 [mem 0xa8800000-0xa89fffff]: contains BAR 5 for 1 VFs
[    9.483554] pci 0000:3c:00.0: PCI bridge to [bus 3d]
[    9.484037] pci 0000:3e:00.0: [14e4:1760] type 00 class 0x020000 PCIe Endpoint
[    9.484204] pci 0000:3e:00.0: BAR 0 [mem 0x23c002000000-0x23c00200ffff 64bit pref]
[    9.484314] pci 0000:3e:00.0: BAR 2 [mem 0x23c001000000-0x23c001ffffff 64bit pref]
[    9.484422] pci 0000:3e:00.0: BAR 4 [mem 0x23c002010000-0x23c002017fff 64bit pref]
[    9.484493] pci 0000:3e:00.0: ROM [mem 0xfffc0000-0xffffffff pref]
[    9.484556] pci 0000:3e:00.0: enabling Extended Tags
[    9.487925] pci 0000:3e:00.0: PME# supported from D0 D3hot
[    9.489821] pci 0000:39:02.0: PCI bridge to [bus 3e]
